2026-08-30 16:38:12 [INFO] __main__: ============================================================
2026-08-30 16:38:12 [INFO] __main__: Jarvis Core を起動します（PID: 13492）
2026-08-30 16:38:12 [INFO] __main__: ============================================================
2026-08-30 16:38:12 [INFO] __main__: 生存確認（heartbeat #1）。まだスケジューラは接続されていません。
2026-08-30 16:38:13 [INFO] __main__: Core APIを起動します: http://127.0.0.1:8765
2026-08-30 16:38:36 [INFO] __main__: シャットダウン要求を受信しました（signal=2）。次のループで安全に終了します。
2026-08-30 16:38:36 [INFO] __main__: Jarvis Core を終了します。
2026-08-30 16:38:40 [INFO] __main__: ============================================================
2026-08-30 16:38:40 [INFO] __main__: Jarvis Core を起動します（PID: 6420）
2026-08-30 16:38:40 [INFO] __main__: ============================================================
2026-08-30 16:38:40 [INFO] __main__: 生存確認（heartbeat #1）。まだスケジューラは接続されていません。
2026-08-30 16:38:40 [INFO] __main__: Core APIを起動します: http://127.0.0.1:8765
2026-08-30 16:38:54 [INFO] __main__: シャットダウン要求を受信しました（signal=2）。次のループで安全に終了します。
2026-08-30 16:38:54 [INFO] __main__: Jarvis Core を終了します。
2026-08-30 17:15:46 [INFO] __main__: ============================================================
2026-08-30 17:15:46 [INFO] __main__: Jarvis Core を起動します（PID: 4108）
2026-08-30 17:15:46 [INFO] __main__: ============================================================
2026-08-30 17:15:46 [INFO] __main__: 生存確認（heartbeat #1）。まだスケジューラは接続されていません。
2026-08-30 17:15:47 [INFO] __main__: Core APIを起動します: http://127.0.0.1:8765
2026-08-30 17:16:02 [INFO] __main__: シャットダウン要求を受信しました（signal=2）。次のループで安全に終了します。
2026-08-30 17:16:02 [INFO] __main__: Jarvis Core を終了します。
2026-08-30 17:18:14 [INFO] __main__: ============================================================
2026-08-30 17:18:14 [INFO] __main__: Jarvis Core を起動します（PID: 16272）
2026-08-30 17:18:14 [INFO] __main__: ============================================================
2026-08-30 17:18:14 [INFO] __main__: 生存確認（heartbeat #1）。まだスケジューラは接続されていません。
2026-08-30 17:18:15 [INFO] __main__: Core APIを起動します: http://127.0.0.1:8765
2026-08-30 17:19:14 [INFO] __main__: 生存確認（heartbeat #2）。まだスケジューラは接続されていません。
2026-08-30 17:20:02 [INFO] __main__: シャットダウン要求を受信しました（signal=2）。次のループで安全に終了します。
2026-08-30 17:20:02 [INFO] __main__: Jarvis Core を終了します。
2026-09-07 17:24:26 [WARNING] jarvis_core: 古いPIDファイルを検出しました（PID 999999 は実行されていません）。上書きします。
2026-09-07 17:24:26 [ERROR] jarvis_core: Jarvis Coreは既にPID 1234 で起動中です。二重起動を中止します。
2026-09-07 17:27:00 [INFO] __main__: ============================================================
2026-09-07 17:27:00 [INFO] __main__: Jarvis Core を起動します（PID: 37724）
2026-09-07 17:27:00 [INFO] __main__: ============================================================
2026-09-07 17:27:00 [INFO] __main__: 生存確認（heartbeat #1）。期限到来タスク: 0件
2026-09-07 17:27:18 [INFO] __main__: Core APIを起動します: http://127.0.0.1:8765
2026-09-07 17:28:00 [INFO] __main__: 生存確認（heartbeat #2）。期限到来タスク: 0件
2026-09-07 17:29:00 [INFO] __main__: 生存確認（heartbeat #3）。期限到来タスク: 0件
2026-09-07 17:30:00 [INFO] __main__: 生存確認（heartbeat #4）。期限到来タスク: 0件
2026-09-07 17:31:00 [INFO] __main__: 生存確認（heartbeat #5）。期限到来タスク: 0件
2026-09-07 17:32:00 [INFO] __main__: 生存確認（heartbeat #6）。期限到来タスク: 0件
2026-09-07 17:33:00 [INFO] __main__: 生存確認（heartbeat #7）。期限到来タスク: 0件
2026-09-07 17:34:01 [INFO] __main__: 生存確認（heartbeat #8）。期限到来タスク: 0件
2026-09-07 17:35:01 [INFO] __main__: 生存確認（heartbeat #9）。期限到来タスク: 0件
2026-09-07 17:36:01 [INFO] __main__: 生存確認（heartbeat #10）。期限到来タスク: 0件
2026-09-07 17:37:01 [INFO] __main__: 生存確認（heartbeat #11）。期限到来タスク: 0件
2026-09-07 17:38:01 [INFO] __main__: 生存確認（heartbeat #12）。期限到来タスク: 0件
2026-09-07 17:39:01 [INFO] __main__: 生存確認（heartbeat #13）。期限到来タスク: 0件
2026-09-07 17:40:01 [INFO] __main__: 生存確認（heartbeat #14）。期限到来タスク: 0件
2026-09-07 17:41:01 [INFO] __main__: 生存確認（heartbeat #15）。期限到来タスク: 1件
2026-09-07 17:41:01 [INFO] __main__: 自律タスクを実行しました（task_id=93fa777f-4a34-4af6-9465-0354fdc574f2, operation=system_info, operation_id=4237ea28-4ce3-46b0-a476-bb5d052c71f9）。
2026-09-07 17:42:02 [INFO] __main__: 生存確認（heartbeat #16）。期限到来タスク: 1件
2026-09-07 17:42:02 [INFO] __main__: 自律タスクを実行しました（task_id=93fa777f-4a34-4af6-9465-0354fdc574f2, operation=system_info, operation_id=a652f469-37f8-45d0-8ae7-4f49fc8de727）。
2026-09-07 17:43:02 [INFO] __main__: 生存確認（heartbeat #17）。期限到来タスク: 1件
2026-09-07 17:43:02 [INFO] __main__: 自律タスクを実行しました（task_id=93fa777f-4a34-4af6-9465-0354fdc574f2, operation=system_info, operation_id=396411dc-a381-417e-afde-c5b973640528）。
2026-09-07 17:44:02 [INFO] __main__: 生存確認（heartbeat #18）。期限到来タスク: 1件
2026-09-07 17:44:02 [INFO] __main__: 自律タスクを実行しました（task_id=93fa777f-4a34-4af6-9465-0354fdc574f2, operation=system_info, operation_id=10e40f46-3774-4f38-87d0-fc83c64fcd97）。
2026-09-07 17:45:02 [INFO] __main__: 生存確認（heartbeat #19）。期限到来タスク: 1件
2026-09-07 17:45:02 [INFO] __main__: 自律タスクを実行しました（task_id=93fa777f-4a34-4af6-9465-0354fdc574f2, operation=system_info, operation_id=625e70be-f5bc-4937-994b-9278abea9f6f）。
2026-09-07 17:46:02 [INFO] __main__: 生存確認（heartbeat #20）。期限到来タスク: 2件
2026-09-07 17:46:02 [INFO] __main__: 自律タスクを実行しました（task_id=fb9f2fb2-4028-4876-9ac5-4735405b16ae, operation=system_info, operation_id=f1e11ddb-62e7-4c2c-8e98-05857dc2c3c1）。
2026-09-07 17:46:03 [INFO] __main__: 自律タスクを実行しました（task_id=93fa777f-4a34-4af6-9465-0354fdc574f2, operation=system_info, operation_id=ae847762-6584-47b4-8894-bdf07598f157）。
2026-09-07 17:47:03 [INFO] __main__: 生存確認（heartbeat #21）。期限到来タスク: 3件
2026-09-07 17:47:03 [INFO] __main__: 自律タスクを実行しました（task_id=890e4a51-1764-4955-8ecd-78c34a947eb5, operation=system_info, operation_id=a704311a-4796-4969-8553-830f1fe75b28）。
2026-09-07 17:47:03 [INFO] __main__: 自律タスクを実行しました（task_id=fb9f2fb2-4028-4876-9ac5-4735405b16ae, operation=system_info, operation_id=0714dc98-62de-4232-9c27-4399cc7ad064）。
2026-09-07 17:47:03 [INFO] __main__: 自律タスクを実行しました（task_id=93fa777f-4a34-4af6-9465-0354fdc574f2, operation=system_info, operation_id=40a5ea28-9883-433c-a06e-2924a5b8181d）。
2026-09-07 17:48:03 [INFO] __main__: 生存確認（heartbeat #22）。期限到来タスク: 3件
2026-09-07 17:48:03 [INFO] __main__: 自律タスクを実行しました（task_id=890e4a51-1764-4955-8ecd-78c34a947eb5, operation=system_info, operation_id=cd98b1c5-48a8-48cc-9dc4-6ec56245413f）。
2026-09-07 17:48:03 [INFO] __main__: 自律タスクを実行しました（task_id=fb9f2fb2-4028-4876-9ac5-4735405b16ae, operation=system_info, operation_id=c5970c3e-2f49-4cac-9070-b12107b910b0）。
2026-09-07 17:48:03 [INFO] __main__: 自律タスクを実行しました（task_id=93fa777f-4a34-4af6-9465-0354fdc574f2, operation=system_info, operation_id=922c878a-d4a3-4cd9-8809-86ffa18a5edf）。
2026-09-07 17:49:03 [INFO] __main__: 生存確認（heartbeat #23）。期限到来タスク: 2件
2026-09-07 17:49:03 [INFO] __main__: 自律タスクを実行しました（task_id=fb9f2fb2-4028-4876-9ac5-4735405b16ae, operation=system_info, operation_id=66e77b51-2736-4cb4-81cb-23fe3bcd0e3d）。
2026-09-07 17:49:03 [INFO] __main__: 自律タスクを実行しました（task_id=93fa777f-4a34-4af6-9465-0354fdc574f2, operation=system_info, operation_id=39d595da-f9f3-4c75-86d8-0382bdf80869）。
2026-09-07 17:50:04 [INFO] __main__: 生存確認（heartbeat #24）。期限到来タスク: 2件
2026-09-07 17:50:04 [INFO] __main__: 自律タスクを実行しました（task_id=fb9f2fb2-4028-4876-9ac5-4735405b16ae, operation=system_info, operation_id=c939e413-4dc8-4723-8ed0-272dd77723d7）。
2026-09-07 17:50:04 [INFO] __main__: 自律タスクを実行しました（task_id=93fa777f-4a34-4af6-9465-0354fdc574f2, operation=system_info, operation_id=dce00192-789c-4f44-8f95-65b710b24ec3）。
2026-09-07 17:51:04 [INFO] __main__: 生存確認（heartbeat #25）。期限到来タスク: 2件
2026-09-07 17:51:04 [INFO] __main__: 自律タスクを実行しました（task_id=fb9f2fb2-4028-4876-9ac5-4735405b16ae, operation=system_info, operation_id=51ac848f-c505-434c-8ff6-e10b29cd8bce）。
2026-09-07 17:51:04 [INFO] __main__: 自律タスクを実行しました（task_id=93fa777f-4a34-4af6-9465-0354fdc574f2, operation=system_info, operation_id=b54ca3a4-9f7f-423d-bf02-9a0c6a6428f9）。
2026-09-07 17:52:04 [INFO] __main__: 生存確認（heartbeat #26）。期限到来タスク: 2件
2026-09-07 17:52:04 [INFO] __main__: 自律タスクを実行しました（task_id=fb9f2fb2-4028-4876-9ac5-4735405b16ae, operation=system_info, operation_id=c0ab0e58-e1e6-46d8-9e2c-5dd0006cec8c）。
2026-09-07 17:52:04 [INFO] __main__: 自律タスクを実行しました（task_id=93fa777f-4a34-4af6-9465-0354fdc574f2, operation=system_info, operation_id=b6b43ffa-1d59-491b-a698-3c138f9cc065）。
2026-09-07 17:53:05 [INFO] __main__: 生存確認（heartbeat #27）。期限到来タスク: 2件
2026-09-07 17:53:05 [INFO] __main__: 自律タスクを実行しました（task_id=fb9f2fb2-4028-4876-9ac5-4735405b16ae, operation=system_info, operation_id=8e022454-15ce-4dee-a1f3-bb0de8a800b7）。
2026-09-07 17:53:05 [INFO] __main__: 自律タスクを実行しました（task_id=93fa777f-4a34-4af6-9465-0354fdc574f2, operation=system_info, operation_id=1517a095-f38c-4f81-8a40-695d14a2153a）。
2026-09-07 17:54:05 [INFO] __main__: 生存確認（heartbeat #28）。期限到来タスク: 2件
2026-09-07 17:54:05 [INFO] __main__: 自律タスクを実行しました（task_id=fb9f2fb2-4028-4876-9ac5-4735405b16ae, operation=system_info, operation_id=bdef6453-0113-4000-9ed8-15c11f5a16c6）。
2026-09-07 17:54:05 [INFO] __main__: 自律タスクを実行しました（task_id=93fa777f-4a34-4af6-9465-0354fdc574f2, operation=system_info, operation_id=963bddeb-276f-4746-b9de-eb45d1bf474e）。
2026-09-07 17:55:05 [INFO] __main__: 生存確認（heartbeat #29）。期限到来タスク: 2件
2026-09-07 17:55:05 [INFO] __main__: 自律タスクを実行しました（task_id=fb9f2fb2-4028-4876-9ac5-4735405b16ae, operation=system_info, operation_id=0a6fc50a-361e-4fc6-9a22-b6cc1c884a9a）。
2026-09-07 17:55:05 [INFO] __main__: 自律タスクを実行しました（task_id=93fa777f-4a34-4af6-9465-0354fdc574f2, operation=system_info, operation_id=75feaad3-6518-442c-ab15-7eb12c406237）。
2026-09-07 17:56:05 [INFO] __main__: 生存確認（heartbeat #30）。期限到来タスク: 2件
2026-09-07 17:56:05 [INFO] __main__: 自律タスクを実行しました（task_id=fb9f2fb2-4028-4876-9ac5-4735405b16ae, operation=system_info, operation_id=fd1cb39d-c971-4547-ad23-bc263c3a09b0）。
2026-09-07 17:56:06 [INFO] __main__: 自律タスクを実行しました（task_id=93fa777f-4a34-4af6-9465-0354fdc574f2, operation=system_info, operation_id=8e8dcd28-9f2a-44ed-a3ec-8cb8df9d1ed0）。
2026-09-07 17:57:06 [INFO] __main__: 生存確認（heartbeat #31）。期限到来タスク: 2件
2026-09-07 17:57:06 [INFO] __main__: 自律タスクを実行しました（task_id=fb9f2fb2-4028-4876-9ac5-4735405b16ae, operation=system_info, operation_id=cca8ee7b-169d-4819-8578-aca5bc347fd1）。
2026-09-07 17:57:06 [INFO] __main__: 自律タスクを実行しました（task_id=93fa777f-4a34-4af6-9465-0354fdc574f2, operation=system_info, operation_id=480f218a-fb45-48ed-bed1-04c06b27c232）。
2026-09-07 17:58:06 [INFO] __main__: 生存確認（heartbeat #32）。期限到来タスク: 2件
2026-09-07 17:58:06 [INFO] __main__: 自律タスクを実行しました（task_id=fb9f2fb2-4028-4876-9ac5-4735405b16ae, operation=system_info, operation_id=10d69c30-750a-42a8-883e-e804275ba7d7）。
2026-09-07 17:58:06 [INFO] __main__: 自律タスクを実行しました（task_id=93fa777f-4a34-4af6-9465-0354fdc574f2, operation=system_info, operation_id=2fbba2c6-ed01-46e9-867b-62031ca0fe6f）。
2026-09-07 17:59:06 [INFO] __main__: 生存確認（heartbeat #33）。期限到来タスク: 2件
2026-09-07 17:59:06 [INFO] __main__: 自律タスクを実行しました（task_id=fb9f2fb2-4028-4876-9ac5-4735405b16ae, operation=system_info, operation_id=38c882a8-55d2-4dd0-b1b0-ad8d91b225de）。
2026-09-07 17:59:06 [INFO] __main__: 自律タスクを実行しました（task_id=93fa777f-4a34-4af6-9465-0354fdc574f2, operation=system_info, operation_id=e2d1821a-ad4b-4f99-a2d7-c7082304e6e5）。
2026-09-07 18:00:06 [INFO] __main__: 生存確認（heartbeat #34）。期限到来タスク: 2件
2026-09-07 18:00:06 [INFO] __main__: 自律タスクを実行しました（task_id=fb9f2fb2-4028-4876-9ac5-4735405b16ae, operation=system_info, operation_id=40e90529-b5ad-498c-ba69-9cc7c4a0292c）。
2026-09-07 18:00:07 [INFO] __main__: 自律タスクを実行しました（task_id=93fa777f-4a34-4af6-9465-0354fdc574f2, operation=system_info, operation_id=638e880e-0ea5-4430-be9f-766f58f29288）。
2026-09-07 18:01:07 [INFO] __main__: 生存確認（heartbeat #35）。期限到来タスク: 2件
2026-09-07 18:01:07 [INFO] __main__: 自律タスクを実行しました（task_id=fb9f2fb2-4028-4876-9ac5-4735405b16ae, operation=system_info, operation_id=1d97db9b-5de1-4d65-ad79-b8d425b865e4）。
2026-09-07 18:01:07 [INFO] __main__: 自律タスクを実行しました（task_id=93fa777f-4a34-4af6-9465-0354fdc574f2, operation=system_info, operation_id=cf851557-58f9-4ed1-bdb1-bc50113c81cb）。
2026-09-07 18:02:07 [INFO] __main__: 生存確認（heartbeat #36）。期限到来タスク: 2件
2026-09-07 18:02:07 [INFO] __main__: 自律タスクを実行しました（task_id=fb9f2fb2-4028-4876-9ac5-4735405b16ae, operation=system_info, operation_id=8638360f-4e8a-480e-9075-15977e5219e5）。
2026-09-07 18:02:07 [INFO] __main__: 自律タスクを実行しました（task_id=93fa777f-4a34-4af6-9465-0354fdc574f2, operation=system_info, operation_id=2cbc0d08-3f1e-48b0-be07-aefa426db02b）。
2026-09-07 18:03:07 [INFO] __main__: 生存確認（heartbeat #37）。期限到来タスク: 2件
2026-09-07 18:03:07 [INFO] __main__: 自律タスクを実行しました（task_id=fb9f2fb2-4028-4876-9ac5-4735405b16ae, operation=system_info, operation_id=6cd6ab04-4993-4232-bf20-0f35f84c7866）。
2026-09-07 18:03:07 [INFO] __main__: 自律タスクを実行しました（task_id=93fa777f-4a34-4af6-9465-0354fdc574f2, operation=system_info, operation_id=1021914a-ff6c-4860-912c-913fa720f0b9）。
2026-09-07 18:04:07 [INFO] __main__: 生存確認（heartbeat #38）。期限到来タスク: 2件
2026-09-07 18:04:07 [INFO] __main__: 自律タスクを実行しました（task_id=fb9f2fb2-4028-4876-9ac5-4735405b16ae, operation=system_info, operation_id=c9290a96-f1fe-4845-91ee-4157e0e71416）。
2026-09-07 18:04:08 [INFO] __main__: 自律タスクを実行しました（task_id=93fa777f-4a34-4af6-9465-0354fdc574f2, operation=system_info, operation_id=db387e51-6c17-4469-a1e6-384ab80cdbb5）。
2026-09-07 18:05:08 [INFO] __main__: 生存確認（heartbeat #39）。期限到来タスク: 2件
2026-09-07 18:05:08 [INFO] __main__: 自律タスクを実行しました（task_id=fb9f2fb2-4028-4876-9ac5-4735405b16ae, operation=system_info, operation_id=ea255425-daa0-468f-8fb6-c19d22bab28b）。
2026-09-07 18:05:08 [INFO] __main__: 自律タスクを実行しました（task_id=93fa777f-4a34-4af6-9465-0354fdc574f2, operation=system_info, operation_id=5673d00a-2bda-4f3d-b47b-5c04c5feedf3）。
2026-09-07 18:06:08 [INFO] __main__: 生存確認（heartbeat #40）。期限到来タスク: 2件
2026-09-07 18:06:08 [INFO] __main__: 自律タスクを実行しました（task_id=fb9f2fb2-4028-4876-9ac5-4735405b16ae, operation=system_info, operation_id=3c5b62ee-1672-4030-9efa-2ed6863f1596）。
2026-09-07 18:06:08 [INFO] __main__: 自律タスクを実行しました（task_id=93fa777f-4a34-4af6-9465-0354fdc574f2, operation=system_info, operation_id=a43867e6-f549-40a4-9325-aad3e812421d）。
2026-09-07 18:07:08 [INFO] __main__: 生存確認（heartbeat #41）。期限到来タスク: 2件
2026-09-07 18:07:08 [INFO] __main__: 自律タスクを実行しました（task_id=fb9f2fb2-4028-4876-9ac5-4735405b16ae, operation=system_info, operation_id=cad94d81-c4ee-4010-8c12-8323dc4637cf）。
2026-09-07 18:07:08 [INFO] __main__: 自律タスクを実行しました（task_id=93fa777f-4a34-4af6-9465-0354fdc574f2, operation=system_info, operation_id=cc579c5c-4ee9-47e1-8db7-904c7bbe1c9e）。
2026-09-07 18:08:09 [INFO] __main__: 生存確認（heartbeat #42）。期限到来タスク: 2件
2026-09-07 18:08:09 [INFO] __main__: 自律タスクを実行しました（task_id=fb9f2fb2-4028-4876-9ac5-4735405b16ae, operation=system_info, operation_id=7f05d34e-df5b-4fdf-b9ae-80d43a525142）。
2026-09-07 18:08:09 [INFO] __main__: 自律タスクを実行しました（task_id=93fa777f-4a34-4af6-9465-0354fdc574f2, operation=system_info, operation_id=f66638ce-1689-400c-8b35-d4a85246880d）。
2026-09-07 18:08:50 [INFO] __main__: シャットダウン要求を受信しました（signal=2）。次のループで安全に終了します。
2026-09-07 18:08:51 [INFO] __main__: Jarvis Core を終了します。
2026-09-07 18:19:56 [WARNING] jarvis_core: 古いPIDファイルを検出しました（PID 999999 は実行されていません）。上書きします。
2026-09-07 18:19:56 [ERROR] jarvis_core: Jarvis Coreは既にPID 1234 で起動中です。二重起動を中止します。
2026-09-07 20:31:51 [INFO] __main__: ============================================================
2026-09-07 20:31:51 [INFO] __main__: Jarvis Core を起動します（PID: 21592）
2026-09-07 20:31:51 [INFO] __main__: ============================================================
2026-09-07 20:31:51 [INFO] __main__: 生存確認（heartbeat #1）。期限到来タスク: 2件
2026-09-07 20:31:51 [INFO] __main__: 自律タスクを実行しました（task_id=fb9f2fb2-4028-4876-9ac5-4735405b16ae, operation=system_info, operation_id=6a9b42a0-10d0-426f-9430-266421e4366a）。
2026-09-07 20:31:51 [INFO] __main__: 自律タスクを実行しました（task_id=93fa777f-4a34-4af6-9465-0354fdc574f2, operation=system_info, operation_id=e5558c26-affd-41df-94b2-3e420c2ae6a0）。
2026-09-07 20:32:16 [INFO] __main__: Core APIを起動します: http://127.0.0.1:8765
2026-09-07 20:32:52 [INFO] __main__: 生存確認（heartbeat #2）。期限到来タスク: 2件
2026-09-07 20:32:52 [INFO] __main__: 自律タスクを実行しました（task_id=fb9f2fb2-4028-4876-9ac5-4735405b16ae, operation=system_info, operation_id=0ae5e5f4-c12f-4e25-ab3f-e89ac340516e）。
2026-09-07 20:32:52 [INFO] __main__: 自律タスクを実行しました（task_id=93fa777f-4a34-4af6-9465-0354fdc574f2, operation=system_info, operation_id=dcfbc668-34db-4049-8acd-b17bb441acaf）。
2026-09-07 20:33:52 [INFO] __main__: 生存確認（heartbeat #3）。期限到来タスク: 2件
2026-09-07 20:33:52 [INFO] __main__: 自律タスクを実行しました（task_id=fb9f2fb2-4028-4876-9ac5-4735405b16ae, operation=system_info, operation_id=00646c02-0b2e-422a-aa18-81a6074e9341）。
2026-09-07 20:33:52 [INFO] __main__: 自律タスクを実行しました（task_id=93fa777f-4a34-4af6-9465-0354fdc574f2, operation=system_info, operation_id=3f13df7f-e0f0-49cc-8c11-6f2dafb04a96）。
2026-09-07 20:34:44 [INFO] __main__: シャットダウン要求を受信しました（signal=2）。次のループで安全に終了します。
2026-09-07 20:34:45 [INFO] __main__: Jarvis Core を終了します。
2026-09-07 20:35:57 [INFO] __main__: ============================================================
2026-09-07 20:35:57 [INFO] __main__: Jarvis Core を起動します（PID: 34624）
2026-09-07 20:35:57 [INFO] __main__: ============================================================
2026-09-07 20:35:57 [INFO] __main__: 生存確認（heartbeat #1）。期限到来タスク: 2件
2026-09-07 20:35:58 [INFO] __main__: 自律タスクを実行しました（task_id=fb9f2fb2-4028-4876-9ac5-4735405b16ae, operation=system_info, operation_id=16321fe9-45ac-46b7-9373-76266c5880fd）。
2026-09-07 20:35:58 [INFO] __main__: 自律タスクを実行しました（task_id=93fa777f-4a34-4af6-9465-0354fdc574f2, operation=system_info, operation_id=b3940eaf-019c-4bed-bf2d-fef62b2c9906）。
2026-09-07 20:36:19 [INFO] __main__: Core APIを起動します: http://127.0.0.1:8765
2026-09-07 20:36:58 [INFO] __main__: 生存確認（heartbeat #2）。期限到来タスク: 2件
2026-09-07 20:36:58 [INFO] __main__: 自律タスクを実行しました（task_id=fb9f2fb2-4028-4876-9ac5-4735405b16ae, operation=system_info, operation_id=b7e2b08f-6825-402f-95d8-6677aca18448）。
2026-09-07 20:36:58 [INFO] __main__: 自律タスクを実行しました（task_id=93fa777f-4a34-4af6-9465-0354fdc574f2, operation=system_info, operation_id=cc1a7d05-2431-490f-bfb3-678a33c5d1f5）。
2026-09-07 20:37:58 [INFO] __main__: 生存確認（heartbeat #3）。期限到来タスク: 2件
2026-09-07 20:37:59 [INFO] __main__: 自律タスクを実行しました（task_id=fb9f2fb2-4028-4876-9ac5-4735405b16ae, operation=system_info, operation_id=112da1e2-f644-42a8-bc7b-7197e2a5c5a5）。
2026-09-07 20:37:59 [INFO] __main__: 自律タスクを実行しました（task_id=93fa777f-4a34-4af6-9465-0354fdc574f2, operation=system_info, operation_id=163a75ea-9eea-4ca5-a154-091521160100）。
2026-09-07 20:38:52 [INFO] __main__: シャットダウン要求を受信しました（signal=2）。次のループで安全に終了します。
2026-09-07 20:38:53 [INFO] __main__: Jarvis Core を終了します。
2026-09-07 20:48:48 [INFO] __main__: ============================================================
2026-09-07 20:48:48 [INFO] __main__: Jarvis Core を起動します（PID: 35372）
2026-09-07 20:48:48 [INFO] __main__: ============================================================
2026-09-07 20:48:48 [INFO] __main__: 生存確認（heartbeat #1）。期限到来タスク: 2件
2026-09-07 20:48:49 [INFO] __main__: 自律タスクを実行しました（task_id=fb9f2fb2-4028-4876-9ac5-4735405b16ae, operation=system_info, operation_id=4967c748-d5b1-47e4-b9c4-08adb23ba1f8）。
2026-09-07 20:48:49 [INFO] __main__: 自律タスクを実行しました（task_id=93fa777f-4a34-4af6-9465-0354fdc574f2, operation=system_info, operation_id=6a7341f6-f989-4a29-bb75-19d201645bf1）。
2026-09-07 20:49:49 [INFO] __main__: 生存確認（heartbeat #2）。期限到来タスク: 2件
2026-09-07 20:49:49 [INFO] __main__: 自律タスクを実行しました（task_id=fb9f2fb2-4028-4876-9ac5-4735405b16ae, operation=system_info, operation_id=f3a89432-5c6e-448d-9fd1-82c8a393ee61）。
2026-09-07 20:49:49 [INFO] __main__: 自律タスクを実行しました（task_id=93fa777f-4a34-4af6-9465-0354fdc574f2, operation=system_info, operation_id=0abea354-dcf9-4865-a215-f9e6c56cba56）。
2026-09-07 20:50:11 [INFO] __main__: Core APIを起動します: http://127.0.0.1:8765
2026-09-07 20:50:49 [INFO] __main__: 生存確認（heartbeat #3）。期限到来タスク: 2件
2026-09-07 20:50:50 [INFO] __main__: 自律タスクを実行しました（task_id=fb9f2fb2-4028-4876-9ac5-4735405b16ae, operation=system_info, operation_id=f540a8c8-2dee-49d5-adf6-b000367ecdb9）。
2026-09-07 20:50:50 [INFO] __main__: 自律タスクを実行しました（task_id=93fa777f-4a34-4af6-9465-0354fdc574f2, operation=system_info, operation_id=cf2aaf8b-d06a-413c-a363-65a4e290fca6）。
2026-09-07 20:51:50 [INFO] __main__: 生存確認（heartbeat #4）。期限到来タスク: 2件
2026-09-07 20:51:50 [INFO] __main__: 自律タスクを実行しました（task_id=fb9f2fb2-4028-4876-9ac5-4735405b16ae, operation=system_info, operation_id=666403fc-9f00-4a4b-bad4-c0e77f4e0172）。
2026-09-07 20:51:50 [INFO] __main__: 自律タスクを実行しました（task_id=93fa777f-4a34-4af6-9465-0354fdc574f2, operation=system_info, operation_id=cf278346-fba6-4b9f-b20a-6932beed6930）。
2026-09-07 20:52:50 [INFO] __main__: 生存確認（heartbeat #5）。期限到来タスク: 2件
2026-09-07 20:52:50 [INFO] __main__: 自律タスクを実行しました（task_id=fb9f2fb2-4028-4876-9ac5-4735405b16ae, operation=system_info, operation_id=d026adc3-11a5-4113-806c-19a85c798058）。
2026-09-07 20:52:50 [INFO] __main__: 自律タスクを実行しました（task_id=93fa777f-4a34-4af6-9465-0354fdc574f2, operation=system_info, operation_id=08af6ee7-e63c-4335-b59a-bc79b950a83f）。
2026-09-07 20:53:50 [INFO] __main__: 生存確認（heartbeat #6）。期限到来タスク: 2件
2026-09-07 20:53:50 [INFO] __main__: 自律タスクを実行しました（task_id=fb9f2fb2-4028-4876-9ac5-4735405b16ae, operation=system_info, operation_id=e5a4caae-88b7-4419-a215-41a1462283bc）。
2026-09-07 20:53:50 [INFO] __main__: 自律タスクを実行しました（task_id=93fa777f-4a34-4af6-9465-0354fdc574f2, operation=system_info, operation_id=8fbebef8-7450-4b99-b20a-fce17d2bb862）。
2026-09-07 20:54:50 [INFO] __main__: 生存確認（heartbeat #7）。期限到来タスク: 2件
2026-09-07 20:54:51 [INFO] __main__: 自律タスクを実行しました（task_id=fb9f2fb2-4028-4876-9ac5-4735405b16ae, operation=system_info, operation_id=361fd546-2cfa-4a86-b3a2-1aca10fe426b）。
2026-09-07 20:54:51 [INFO] __main__: 自律タスクを実行しました（task_id=93fa777f-4a34-4af6-9465-0354fdc574f2, operation=system_info, operation_id=6965d5e3-2e09-4de4-a79e-5c56e877d835）。
2026-09-07 20:55:51 [INFO] __main__: 生存確認（heartbeat #8）。期限到来タスク: 2件
2026-09-07 20:55:51 [INFO] __main__: 自律タスクを実行しました（task_id=fb9f2fb2-4028-4876-9ac5-4735405b16ae, operation=system_info, operation_id=1db85093-c80c-43de-94d7-780a8bc179ea）。
2026-09-07 20:55:51 [INFO] __main__: 自律タスクを実行しました（task_id=93fa777f-4a34-4af6-9465-0354fdc574f2, operation=system_info, operation_id=1151bce5-26cc-4dd7-b36c-af07a5cb649a）。
2026-09-07 20:56:51 [INFO] __main__: 生存確認（heartbeat #9）。期限到来タスク: 2件
2026-09-07 20:56:51 [INFO] __main__: 自律タスクを実行しました（task_id=fb9f2fb2-4028-4876-9ac5-4735405b16ae, operation=system_info, operation_id=d6135a69-dc8c-4957-90ca-6b2014e9988f）。
2026-09-07 20:56:51 [INFO] __main__: 自律タスクを実行しました（task_id=93fa777f-4a34-4af6-9465-0354fdc574f2, operation=system_info, operation_id=2882abc1-8643-4ebf-b664-07ab063c27c0）。
2026-09-07 20:57:51 [INFO] __main__: 生存確認（heartbeat #10）。期限到来タスク: 2件
2026-09-07 20:57:51 [INFO] __main__: 自律タスクを実行しました（task_id=fb9f2fb2-4028-4876-9ac5-4735405b16ae, operation=system_info, operation_id=da0afd86-1f23-467a-a7bd-02025ca9e97c）。
2026-09-07 20:57:51 [INFO] __main__: 自律タスクを実行しました（task_id=93fa777f-4a34-4af6-9465-0354fdc574f2, operation=system_info, operation_id=afcf6e34-ffd2-4be1-8555-dbcbc4eae354）。
2026-09-07 20:58:51 [INFO] __main__: 生存確認（heartbeat #11）。期限到来タスク: 2件
2026-09-07 20:58:51 [INFO] __main__: 自律タスクを実行しました（task_id=fb9f2fb2-4028-4876-9ac5-4735405b16ae, operation=system_info, operation_id=ac01dcaa-8fcb-48a1-8b1c-b133b10588c3）。
2026-09-07 20:58:52 [INFO] __main__: 自律タスクを実行しました（task_id=93fa777f-4a34-4af6-9465-0354fdc574f2, operation=system_info, operation_id=4c75b18c-1e6f-43d2-88c0-b0b741a61825）。
2026-09-07 20:59:52 [INFO] __main__: 生存確認（heartbeat #12）。期限到来タスク: 2件
2026-09-07 20:59:52 [INFO] __main__: 自律タスクを実行しました（task_id=fb9f2fb2-4028-4876-9ac5-4735405b16ae, operation=system_info, operation_id=0fca1541-96ad-4257-ac13-550164ac9b7d）。
2026-09-07 20:59:52 [INFO] __main__: 自律タスクを実行しました（task_id=93fa777f-4a34-4af6-9465-0354fdc574f2, operation=system_info, operation_id=38621ee4-e780-458c-a74a-99113222716f）。
2026-09-07 21:00:52 [INFO] __main__: 生存確認（heartbeat #13）。期限到来タスク: 2件
2026-09-07 21:00:52 [INFO] __main__: 自律タスクを実行しました（task_id=fb9f2fb2-4028-4876-9ac5-4735405b16ae, operation=system_info, operation_id=6b79b672-8e00-43df-b91e-6c2c713c1f9c）。
2026-09-07 21:00:52 [INFO] __main__: 自律タスクを実行しました（task_id=93fa777f-4a34-4af6-9465-0354fdc574f2, operation=system_info, operation_id=8671c7c3-3f6f-4229-b505-e57ad9d80635）。
2026-09-08 19:12:04 [INFO] __main__: 生存確認（heartbeat #14）。期限到来タスク: 2件
2026-09-08 19:12:04 [INFO] __main__: 自律タスクを実行しました（task_id=fb9f2fb2-4028-4876-9ac5-4735405b16ae, operation=system_info, operation_id=4f48267d-a61f-44a2-afc0-b9bd3ac19a12）。
2026-09-08 19:12:04 [INFO] __main__: 自律タスクを実行しました（task_id=93fa777f-4a34-4af6-9465-0354fdc574f2, operation=system_info, operation_id=6b61e7ef-bf31-4834-bdd8-5bf1134df851）。
2026-09-08 19:13:04 [INFO] __main__: 生存確認（heartbeat #15）。期限到来タスク: 2件
2026-09-08 19:13:04 [INFO] __main__: 自律タスクを実行しました（task_id=fb9f2fb2-4028-4876-9ac5-4735405b16ae, operation=system_info, operation_id=5cc77b8b-33bc-4485-8b97-e38ae249d252）。
2026-09-08 19:13:04 [INFO] __main__: 自律タスクを実行しました（task_id=93fa777f-4a34-4af6-9465-0354fdc574f2, operation=system_info, operation_id=27225d59-ba9f-4d4f-accf-e33b381283f1）。
2026-09-08 19:14:05 [INFO] __main__: 生存確認（heartbeat #16）。期限到来タスク: 2件
2026-09-08 19:14:05 [INFO] __main__: 自律タスクを実行しました（task_id=fb9f2fb2-4028-4876-9ac5-4735405b16ae, operation=system_info, operation_id=cada214e-c54e-4e3b-ab4c-548f30b03bc6）。
2026-09-08 19:14:05 [INFO] __main__: 自律タスクを実行しました（task_id=93fa777f-4a34-4af6-9465-0354fdc574f2, operation=system_info, operation_id=ce96a5ff-da3b-42c9-97c2-95128fa1b4a5）。
2026-09-08 19:15:05 [INFO] __main__: 生存確認（heartbeat #17）。期限到来タスク: 2件
2026-09-08 19:15:05 [INFO] __main__: 自律タスクを実行しました（task_id=fb9f2fb2-4028-4876-9ac5-4735405b16ae, operation=system_info, operation_id=44e03389-a1ab-40e6-9f87-5ebc00a27808）。
2026-09-08 19:15:05 [INFO] __main__: 自律タスクを実行しました（task_id=93fa777f-4a34-4af6-9465-0354fdc574f2, operation=system_info, operation_id=6d7f50c4-7498-4419-8a32-451154126c39）。
2026-09-08 19:16:05 [INFO] __main__: 生存確認（heartbeat #18）。期限到来タスク: 2件
2026-09-08 19:16:05 [INFO] __main__: 自律タスクを実行しました（task_id=fb9f2fb2-4028-4876-9ac5-4735405b16ae, operation=system_info, operation_id=fe5e23a4-2e22-406f-a8cb-9dff6481f9c5）。
2026-09-08 19:16:05 [INFO] __main__: 自律タスクを実行しました（task_id=93fa777f-4a34-4af6-9465-0354fdc574f2, operation=system_info, operation_id=77efb4b4-53f8-416b-9fcb-68e228cae8fe）。
2026-09-08 19:17:05 [INFO] __main__: 生存確認（heartbeat #19）。期限到来タスク: 2件
2026-09-08 19:17:06 [INFO] __main__: 自律タスクを実行しました（task_id=fb9f2fb2-4028-4876-9ac5-4735405b16ae, operation=system_info, operation_id=427e0f25-1c8d-4457-96b2-5920cccc0d58）。
2026-09-08 19:17:06 [INFO] __main__: 自律タスクを実行しました（task_id=93fa777f-4a34-4af6-9465-0354fdc574f2, operation=system_info, operation_id=f6e9f676-d7e3-4bad-ace9-0dbaa624a0bc）。
2026-09-08 19:18:06 [INFO] __main__: 生存確認（heartbeat #20）。期限到来タスク: 2件
2026-09-08 19:18:06 [INFO] __main__: 自律タスクを実行しました（task_id=fb9f2fb2-4028-4876-9ac5-4735405b16ae, operation=system_info, operation_id=223a2cae-3cc4-4bdd-b7da-0d190988003d）。
2026-09-08 19:18:06 [INFO] __main__: 自律タスクを実行しました（task_id=93fa777f-4a34-4af6-9465-0354fdc574f2, operation=system_info, operation_id=8503f10c-d4b0-497d-80f7-a938bf2d053a）。
2026-09-08 19:19:06 [INFO] __main__: 生存確認（heartbeat #21）。期限到来タスク: 2件
2026-09-08 19:19:06 [INFO] __main__: 自律タスクを実行しました（task_id=fb9f2fb2-4028-4876-9ac5-4735405b16ae, operation=system_info, operation_id=f0ad3418-9427-472b-983f-e802923609ad）。
2026-09-08 19:19:06 [INFO] __main__: 自律タスクを実行しました（task_id=93fa777f-4a34-4af6-9465-0354fdc574f2, operation=system_info, operation_id=c556fe9c-86ab-4bbe-bd94-3fde920bd419）。
2026-09-08 19:20:06 [INFO] __main__: 生存確認（heartbeat #22）。期限到来タスク: 2件
2026-09-08 19:20:06 [INFO] __main__: 自律タスクを実行しました（task_id=fb9f2fb2-4028-4876-9ac5-4735405b16ae, operation=system_info, operation_id=8ce377f8-4892-4237-a74e-6a82e347019b）。
2026-09-08 19:20:06 [INFO] __main__: 自律タスクを実行しました（task_id=93fa777f-4a34-4af6-9465-0354fdc574f2, operation=system_info, operation_id=e6169140-0f18-4a4c-83a1-0ff5b8fa4033）。
2026-09-08 19:21:06 [INFO] __main__: 生存確認（heartbeat #23）。期限到来タスク: 2件
2026-09-08 19:21:07 [INFO] __main__: 自律タスクを実行しました（task_id=fb9f2fb2-4028-4876-9ac5-4735405b16ae, operation=system_info, operation_id=fa59d68a-46c5-4357-bab7-1f72cd14a0dc）。
2026-09-08 19:21:07 [INFO] __main__: 自律タスクを実行しました（task_id=93fa777f-4a34-4af6-9465-0354fdc574f2, operation=system_info, operation_id=50b8ad8b-60b9-4b76-b454-11ee2935455d）。
2026-09-08 19:22:07 [INFO] __main__: 生存確認（heartbeat #24）。期限到来タスク: 2件
2026-09-08 19:22:07 [INFO] __main__: 自律タスクを実行しました（task_id=fb9f2fb2-4028-4876-9ac5-4735405b16ae, operation=system_info, operation_id=6bf8b0bd-ea8b-4d7d-9013-316b71738069）。
2026-09-08 19:22:07 [INFO] __main__: 自律タスクを実行しました（task_id=93fa777f-4a34-4af6-9465-0354fdc574f2, operation=system_info, operation_id=b3ea46da-6b2d-4427-a64a-62854e0bda70）。
2026-09-08 19:23:07 [INFO] __main__: 生存確認（heartbeat #25）。期限到来タスク: 2件
2026-09-08 19:23:07 [INFO] __main__: 自律タスクを実行しました（task_id=fb9f2fb2-4028-4876-9ac5-4735405b16ae, operation=system_info, operation_id=1a60ee67-7b08-485c-a2de-38afc5b41111）。
2026-09-08 19:23:07 [INFO] __main__: 自律タスクを実行しました（task_id=93fa777f-4a34-4af6-9465-0354fdc574f2, operation=system_info, operation_id=24dd39a3-b771-48e7-b571-4c07d6c4418b）。
2026-09-08 19:24:07 [INFO] __main__: 生存確認（heartbeat #26）。期限到来タスク: 2件
2026-09-08 19:24:07 [INFO] __main__: 自律タスクを実行しました（task_id=fb9f2fb2-4028-4876-9ac5-4735405b16ae, operation=system_info, operation_id=d1198e59-f467-4ed1-87d1-6e790d5552c7）。
2026-09-08 19:24:08 [INFO] __main__: 自律タスクを実行しました（task_id=93fa777f-4a34-4af6-9465-0354fdc574f2, operation=system_info, operation_id=82b3206c-2be9-4ddd-a292-5f33c60480b2）。
2026-09-08 19:25:08 [INFO] __main__: 生存確認（heartbeat #27）。期限到来タスク: 2件
2026-09-08 19:25:08 [INFO] __main__: 自律タスクを実行しました（task_id=fb9f2fb2-4028-4876-9ac5-4735405b16ae, operation=system_info, operation_id=f3477e99-94bc-4f2d-ae56-eb321dbe4654）。
2026-09-08 19:25:08 [INFO] __main__: 自律タスクを実行しました（task_id=93fa777f-4a34-4af6-9465-0354fdc574f2, operation=system_info, operation_id=0f13f741-40c8-4fc7-b9e0-0f245a9a01ae）。
2026-09-08 19:26:08 [INFO] __main__: 生存確認（heartbeat #28）。期限到来タスク: 2件
2026-09-08 19:26:08 [INFO] __main__: 自律タスクを実行しました（task_id=fb9f2fb2-4028-4876-9ac5-4735405b16ae, operation=system_info, operation_id=862e9947-1d26-43bf-b5c3-24945a87e0cc）。
2026-09-08 19:26:08 [INFO] __main__: 自律タスクを実行しました（task_id=93fa777f-4a34-4af6-9465-0354fdc574f2, operation=system_info, operation_id=d2d4c5be-1329-4c9b-82a9-dc4d7ed29f47）。
2026-09-08 19:27:08 [INFO] __main__: 生存確認（heartbeat #29）。期限到来タスク: 2件
2026-09-08 19:27:08 [INFO] __main__: 自律タスクを実行しました（task_id=fb9f2fb2-4028-4876-9ac5-4735405b16ae, operation=system_info, operation_id=afdc2107-a27c-40e5-ba4c-25539b6e7f06）。
2026-09-08 19:27:08 [INFO] __main__: 自律タスクを実行しました（task_id=93fa777f-4a34-4af6-9465-0354fdc574f2, operation=system_info, operation_id=cf0a153e-5079-494d-8000-39710ee96d42）。
2026-09-08 19:28:09 [INFO] __main__: 生存確認（heartbeat #30）。期限到来タスク: 2件
2026-09-08 19:28:09 [INFO] __main__: 自律タスクを実行しました（task_id=fb9f2fb2-4028-4876-9ac5-4735405b16ae, operation=system_info, operation_id=ba4179f2-7556-401f-a165-c26841d89895）。
2026-09-08 19:28:09 [INFO] __main__: 自律タスクを実行しました（task_id=93fa777f-4a34-4af6-9465-0354fdc574f2, operation=system_info, operation_id=8970b19d-dcc1-4068-a35e-8b5fe5bcd457）。
2026-09-08 19:29:09 [INFO] __main__: 生存確認（heartbeat #31）。期限到来タスク: 2件
2026-09-08 19:29:09 [INFO] __main__: 自律タスクを実行しました（task_id=fb9f2fb2-4028-4876-9ac5-4735405b16ae, operation=system_info, operation_id=d921f1e9-2540-4d47-8150-edf8bfc9b9f8）。
2026-09-08 19:29:09 [INFO] __main__: 自律タスクを実行しました（task_id=93fa777f-4a34-4af6-9465-0354fdc574f2, operation=system_info, operation_id=86a8a628-d136-4c7e-963b-bdd2d1689607）。
2026-09-08 19:30:09 [INFO] __main__: 生存確認（heartbeat #32）。期限到来タスク: 2件
2026-09-08 19:30:09 [INFO] __main__: 自律タスクを実行しました（task_id=fb9f2fb2-4028-4876-9ac5-4735405b16ae, operation=system_info, operation_id=67a8da24-6127-4339-b8e4-b7af7b4f7778）。
2026-09-08 19:30:09 [INFO] __main__: 自律タスクを実行しました（task_id=93fa777f-4a34-4af6-9465-0354fdc574f2, operation=system_info, operation_id=80b59c02-ccef-4116-863d-41ad08bcef27）。
2026-09-08 19:31:09 [INFO] __main__: 生存確認（heartbeat #33）。期限到来タスク: 2件
2026-09-08 19:31:10 [INFO] __main__: 自律タスクを実行しました（task_id=fb9f2fb2-4028-4876-9ac5-4735405b16ae, operation=system_info, operation_id=4c20c5bd-fc03-4339-ad78-38aad53f59d0）。
2026-09-08 19:31:10 [INFO] __main__: 自律タスクを実行しました（task_id=93fa777f-4a34-4af6-9465-0354fdc574f2, operation=system_info, operation_id=3ee7b37b-ea20-4293-a7e6-fbe0627bf712）。
2026-09-08 19:32:10 [INFO] __main__: 生存確認（heartbeat #34）。期限到来タスク: 2件
2026-09-08 19:32:10 [INFO] __main__: 自律タスクを実行しました（task_id=fb9f2fb2-4028-4876-9ac5-4735405b16ae, operation=system_info, operation_id=5e9ad2b3-eea5-442d-8ce9-10327d05c6b9）。
2026-09-08 19:32:10 [INFO] __main__: 自律タスクを実行しました（task_id=93fa777f-4a34-4af6-9465-0354fdc574f2, operation=system_info, operation_id=df28ac97-3fc8-47d0-977d-c5387cb449d1）。
2026-09-08 19:33:10 [INFO] __main__: 生存確認（heartbeat #35）。期限到来タスク: 2件
2026-09-08 19:33:10 [INFO] __main__: 自律タスクを実行しました（task_id=fb9f2fb2-4028-4876-9ac5-4735405b16ae, operation=system_info, operation_id=7d65568f-dc22-492b-b145-5dd3e3cb45aa）。
2026-09-08 19:33:10 [INFO] __main__: 自律タスクを実行しました（task_id=93fa777f-4a34-4af6-9465-0354fdc574f2, operation=system_info, operation_id=b8aa97ce-e18e-47cf-a71a-bcfa9b05b8fa）。
2026-09-08 19:34:10 [INFO] __main__: 生存確認（heartbeat #36）。期限到来タスク: 2件
2026-09-08 19:34:10 [INFO] __main__: 自律タスクを実行しました（task_id=fb9f2fb2-4028-4876-9ac5-4735405b16ae, operation=system_info, operation_id=ae1dba4e-f124-4971-abdd-c26e6c446883）。
2026-09-08 19:34:10 [INFO] __main__: 自律タスクを実行しました（task_id=93fa777f-4a34-4af6-9465-0354fdc574f2, operation=system_info, operation_id=a933130a-9cb8-4c81-bedf-530e4da0181c）。
2026-09-08 19:35:10 [INFO] __main__: 生存確認（heartbeat #37）。期限到来タスク: 2件
2026-09-08 19:35:10 [INFO] __main__: 自律タスクを実行しました（task_id=fb9f2fb2-4028-4876-9ac5-4735405b16ae, operation=system_info, operation_id=88998233-6c37-4ec5-8a0e-e048a80c9fdb）。
2026-09-08 19:35:10 [INFO] __main__: 自律タスクを実行しました（task_id=93fa777f-4a34-4af6-9465-0354fdc574f2, operation=system_info, operation_id=67ce775d-6941-4144-9553-ea241660d3ad）。
2026-09-08 19:36:11 [INFO] __main__: 生存確認（heartbeat #38）。期限到来タスク: 2件
2026-09-08 19:36:11 [INFO] __main__: 自律タスクを実行しました（task_id=fb9f2fb2-4028-4876-9ac5-4735405b16ae, operation=system_info, operation_id=4d28ae9e-a2c8-4db4-9c31-b45352904648）。
2026-09-08 19:36:11 [INFO] __main__: 自律タスクを実行しました（task_id=93fa777f-4a34-4af6-9465-0354fdc574f2, operation=system_info, operation_id=a038175e-5d13-41de-a4d0-126cc028876d）。
2026-09-08 19:37:11 [INFO] __main__: 生存確認（heartbeat #39）。期限到来タスク: 2件
2026-09-08 19:37:11 [INFO] __main__: 自律タスクを実行しました（task_id=fb9f2fb2-4028-4876-9ac5-4735405b16ae, operation=system_info, operation_id=8e1e3a10-fa2b-460b-9d7a-115fc344d9d7）。
2026-09-08 19:37:11 [INFO] __main__: 自律タスクを実行しました（task_id=93fa777f-4a34-4af6-9465-0354fdc574f2, operation=system_info, operation_id=f1fd8def-1c98-4205-8423-1df85d23b385）。
2026-09-08 19:38:11 [INFO] __main__: 生存確認（heartbeat #40）。期限到来タスク: 2件
2026-09-08 19:38:11 [INFO] __main__: 自律タスクを実行しました（task_id=fb9f2fb2-4028-4876-9ac5-4735405b16ae, operation=system_info, operation_id=80ef3cbf-666e-4bd7-a8a9-a1d787ead131）。
2026-09-08 19:38:11 [INFO] __main__: 自律タスクを実行しました（task_id=93fa777f-4a34-4af6-9465-0354fdc574f2, operation=system_info, operation_id=128337f7-b629-4bbb-a64a-527d7a427e27）。
2026-09-08 19:38:26 [WARNING] jarvis_core: 古いPIDファイルを検出しました（PID 999999 は実行されていません）。上書きします。
2026-09-08 19:38:26 [ERROR] jarvis_core: Jarvis Coreは既にPID 1234 で起動中です。二重起動を中止します。
2026-09-08 19:39:11 [INFO] __main__: 生存確認（heartbeat #41）。期限到来タスク: 2件
2026-09-08 19:39:11 [INFO] __main__: 自律タスクを実行しました（task_id=fb9f2fb2-4028-4876-9ac5-4735405b16ae, operation=system_info, operation_id=7087ce20-c217-42e8-bc02-ecbd89d10ec0）。
2026-09-08 19:39:11 [INFO] __main__: 自律タスクを実行しました（task_id=93fa777f-4a34-4af6-9465-0354fdc574f2, operation=system_info, operation_id=f1c72f2c-921e-4b91-8b1b-bb89748039b5）。
2026-09-08 19:40:12 [INFO] __main__: 生存確認（heartbeat #42）。期限到来タスク: 2件
2026-09-08 19:40:12 [INFO] __main__: 自律タスクを実行しました（task_id=fb9f2fb2-4028-4876-9ac5-4735405b16ae, operation=system_info, operation_id=c91422dd-ddb9-4ccc-a2a1-1672d581e20e）。
2026-09-08 19:40:12 [INFO] __main__: 自律タスクを実行しました（task_id=93fa777f-4a34-4af6-9465-0354fdc574f2, operation=system_info, operation_id=8570f0c8-1171-46e8-874a-d629555fd43a）。
2026-09-08 19:41:12 [INFO] __main__: 生存確認（heartbeat #43）。期限到来タスク: 2件
2026-09-08 19:41:12 [INFO] __main__: 自律タスクを実行しました（task_id=fb9f2fb2-4028-4876-9ac5-4735405b16ae, operation=system_info, operation_id=2b9cf98f-141a-43d3-ae03-30afe96dd810）。
2026-09-08 19:41:12 [INFO] __main__: 自律タスクを実行しました（task_id=93fa777f-4a34-4af6-9465-0354fdc574f2, operation=system_info, operation_id=f8539329-d009-46f6-b6a5-cffabe67ce1f）。
2026-09-08 19:42:12 [INFO] __main__: 生存確認（heartbeat #44）。期限到来タスク: 2件
2026-09-08 19:42:12 [INFO] __main__: 自律タスクを実行しました（task_id=fb9f2fb2-4028-4876-9ac5-4735405b16ae, operation=system_info, operation_id=006723e0-f347-4456-b956-f9793b2983da）。
2026-09-08 19:42:12 [INFO] __main__: 自律タスクを実行しました（task_id=93fa777f-4a34-4af6-9465-0354fdc574f2, operation=system_info, operation_id=aa982674-fc66-4530-90c8-cf9b5645034e）。
2026-09-08 19:43:13 [INFO] __main__: 生存確認（heartbeat #45）。期限到来タスク: 2件
2026-09-08 19:43:13 [INFO] __main__: 自律タスクを実行しました（task_id=fb9f2fb2-4028-4876-9ac5-4735405b16ae, operation=system_info, operation_id=8d403557-8272-484e-a9fb-9f9ca45a6d58）。
2026-09-08 19:43:13 [INFO] __main__: 自律タスクを実行しました（task_id=93fa777f-4a34-4af6-9465-0354fdc574f2, operation=system_info, operation_id=38c2f79a-4c76-4b9d-9b48-ff555dd705c3）。
2026-09-08 19:44:13 [INFO] __main__: 生存確認（heartbeat #46）。期限到来タスク: 2件
2026-09-08 19:44:13 [INFO] __main__: 自律タスクを実行しました（task_id=fb9f2fb2-4028-4876-9ac5-4735405b16ae, operation=system_info, operation_id=9cca79b0-cbe2-4169-a3af-61932554bf8b）。
2026-09-08 19:44:13 [INFO] __main__: 自律タスクを実行しました（task_id=93fa777f-4a34-4af6-9465-0354fdc574f2, operation=system_info, operation_id=862b3726-276e-4879-9845-eb40a9388ec3）。
2026-09-08 19:45:13 [INFO] __main__: 生存確認（heartbeat #47）。期限到来タスク: 2件
2026-09-08 19:45:13 [INFO] __main__: 自律タスクを実行しました（task_id=fb9f2fb2-4028-4876-9ac5-4735405b16ae, operation=system_info, operation_id=d0318b3a-2020-4d20-9010-6db2470ee76e）。
2026-09-08 19:45:13 [INFO] __main__: 自律タスクを実行しました（task_id=93fa777f-4a34-4af6-9465-0354fdc574f2, operation=system_info, operation_id=06bc8fb2-6f1e-475c-b428-2e7805a1f489）。
2026-09-08 19:46:13 [INFO] __main__: 生存確認（heartbeat #48）。期限到来タスク: 2件
2026-09-08 19:46:13 [INFO] __main__: 自律タスクを実行しました（task_id=fb9f2fb2-4028-4876-9ac5-4735405b16ae, operation=system_info, operation_id=77bcdcba-624c-428a-92fe-15c5b5c608ee）。
2026-09-08 19:46:13 [INFO] __main__: 自律タスクを実行しました（task_id=93fa777f-4a34-4af6-9465-0354fdc574f2, operation=system_info, operation_id=2b64d1d7-d2ce-4954-8007-cde3fd825a0c）。
2026-09-08 19:47:14 [INFO] __main__: 生存確認（heartbeat #49）。期限到来タスク: 2件
2026-09-08 19:47:14 [INFO] __main__: 自律タスクを実行しました（task_id=fb9f2fb2-4028-4876-9ac5-4735405b16ae, operation=system_info, operation_id=157b58b5-0727-4267-ad27-98a16f5a09c1）。
2026-09-08 19:47:14 [INFO] __main__: 自律タスクを実行しました（task_id=93fa777f-4a34-4af6-9465-0354fdc574f2, operation=system_info, operation_id=c7adcf42-c1d3-4ba8-93b3-01e49aec1f08）。
2026-09-08 19:48:14 [INFO] __main__: 生存確認（heartbeat #50）。期限到来タスク: 2件
2026-09-08 19:48:14 [INFO] __main__: 自律タスクを実行しました（task_id=fb9f2fb2-4028-4876-9ac5-4735405b16ae, operation=system_info, operation_id=f6f8d94f-fb14-45a5-aede-63078f32adeb）。
2026-09-08 19:48:14 [INFO] __main__: 自律タスクを実行しました（task_id=93fa777f-4a34-4af6-9465-0354fdc574f2, operation=system_info, operation_id=035a5601-b091-477f-99b2-c630e81f5229）。
2026-09-08 19:49:14 [INFO] __main__: 生存確認（heartbeat #51）。期限到来タスク: 2件
2026-09-08 19:49:14 [INFO] __main__: 自律タスクを実行しました（task_id=fb9f2fb2-4028-4876-9ac5-4735405b16ae, operation=system_info, operation_id=8e480afb-705d-4ee3-a849-8311b2b7c9f9）。
2026-09-08 19:49:14 [INFO] __main__: 自律タスクを実行しました（task_id=93fa777f-4a34-4af6-9465-0354fdc574f2, operation=system_info, operation_id=2794e683-fd75-48d7-bf5f-ae1490754c3b）。
2026-09-08 19:50:14 [INFO] __main__: 生存確認（heartbeat #52）。期限到来タスク: 2件
2026-09-08 19:50:14 [INFO] __main__: 自律タスクを実行しました（task_id=fb9f2fb2-4028-4876-9ac5-4735405b16ae, operation=system_info, operation_id=09a9dfd4-07a4-4b67-b42b-60fdde39ed61）。
2026-09-08 19:50:14 [INFO] __main__: 自律タスクを実行しました（task_id=93fa777f-4a34-4af6-9465-0354fdc574f2, operation=system_info, operation_id=81d01f67-7f66-4e53-ae18-45da5f96e1c4）。
2026-09-08 19:51:15 [INFO] __main__: 生存確認（heartbeat #53）。期限到来タスク: 2件
2026-09-08 19:51:15 [INFO] __main__: 自律タスクを実行しました（task_id=fb9f2fb2-4028-4876-9ac5-4735405b16ae, operation=system_info, operation_id=17d1c02b-7f34-45f4-9d68-23b686acb39d）。
2026-09-08 19:51:15 [INFO] __main__: 自律タスクを実行しました（task_id=93fa777f-4a34-4af6-9465-0354fdc574f2, operation=system_info, operation_id=75b6a09d-8674-4ced-b63c-45ab22307bf6）。
2026-09-08 19:52:15 [INFO] __main__: 生存確認（heartbeat #54）。期限到来タスク: 2件
2026-09-08 19:52:15 [INFO] __main__: 自律タスクを実行しました（task_id=fb9f2fb2-4028-4876-9ac5-4735405b16ae, operation=system_info, operation_id=dfb32ed9-be22-48f0-b23d-4e60461d15b1）。
2026-09-08 19:52:15 [INFO] __main__: 自律タスクを実行しました（task_id=93fa777f-4a34-4af6-9465-0354fdc574f2, operation=system_info, operation_id=f52fe083-97be-49f2-8032-9214632d57e0）。
2026-09-08 19:53:15 [INFO] __main__: 生存確認（heartbeat #55）。期限到来タスク: 2件
2026-09-08 19:53:15 [INFO] __main__: 自律タスクを実行しました（task_id=fb9f2fb2-4028-4876-9ac5-4735405b16ae, operation=system_info, operation_id=2c4c42ed-eb57-4c01-b0a8-d146b9528def）。
2026-09-08 19:53:15 [INFO] __main__: 自律タスクを実行しました（task_id=93fa777f-4a34-4af6-9465-0354fdc574f2, operation=system_info, operation_id=4b252cd4-5ef3-4e50-a635-ae92ed35b0ef）。
2026-09-08 19:54:15 [INFO] __main__: 生存確認（heartbeat #56）。期限到来タスク: 2件
2026-09-08 19:54:15 [INFO] __main__: 自律タスクを実行しました（task_id=fb9f2fb2-4028-4876-9ac5-4735405b16ae, operation=system_info, operation_id=2ad74e0b-45f0-486f-b37d-6126fb202dc5）。
2026-09-08 19:54:15 [INFO] __main__: 自律タスクを実行しました（task_id=93fa777f-4a34-4af6-9465-0354fdc574f2, operation=system_info, operation_id=25de91ae-bf8d-415f-87d4-03b6451b1717）。
2026-09-08 20:11:39 [INFO] __main__: 生存確認（heartbeat #57）。期限到来タスク: 2件
2026-09-08 20:11:39 [INFO] __main__: 自律タスクを実行しました（task_id=fb9f2fb2-4028-4876-9ac5-4735405b16ae, operation=system_info, operation_id=852e9b84-6761-4c3d-9780-0727e4e99331）。
2026-09-08 20:11:39 [INFO] __main__: 自律タスクを実行しました（task_id=93fa777f-4a34-4af6-9465-0354fdc574f2, operation=system_info, operation_id=0f161474-99f8-42fb-aebb-f326bef866a8）。
2026-09-08 20:12:39 [INFO] __main__: 生存確認（heartbeat #58）。期限到来タスク: 2件
2026-09-08 20:12:39 [INFO] __main__: 自律タスクを実行しました（task_id=fb9f2fb2-4028-4876-9ac5-4735405b16ae, operation=system_info, operation_id=e5ee1a16-3c29-4847-928d-af94fd907b76）。
2026-09-08 20:12:40 [INFO] __main__: 自律タスクを実行しました（task_id=93fa777f-4a34-4af6-9465-0354fdc574f2, operation=system_info, operation_id=45ad2a7c-a4d8-4d9b-8513-a35231fccfde）。
2026-09-08 20:13:40 [INFO] __main__: 生存確認（heartbeat #59）。期限到来タスク: 2件
2026-09-08 20:13:40 [INFO] __main__: 自律タスクを実行しました（task_id=fb9f2fb2-4028-4876-9ac5-4735405b16ae, operation=system_info, operation_id=18f358dc-8eff-4b22-94f8-92a252c6a93b）。
2026-09-08 20:13:40 [INFO] __main__: 自律タスクを実行しました（task_id=93fa777f-4a34-4af6-9465-0354fdc574f2, operation=system_info, operation_id=1e4f8faf-b933-40ec-91d8-a030dca2b923）。
2026-09-08 20:14:40 [INFO] __main__: 生存確認（heartbeat #60）。期限到来タスク: 2件
2026-09-08 20:14:40 [INFO] __main__: 自律タスクを実行しました（task_id=fb9f2fb2-4028-4876-9ac5-4735405b16ae, operation=system_info, operation_id=b46519d9-751e-4f9d-9c00-8dbbe5c88dff）。
2026-09-08 20:14:40 [INFO] __main__: 自律タスクを実行しました（task_id=93fa777f-4a34-4af6-9465-0354fdc574f2, operation=system_info, operation_id=35d17bad-c51e-465c-9698-411e4e565ca3）。
2026-09-08 20:15:40 [INFO] __main__: 生存確認（heartbeat #61）。期限到来タスク: 2件
2026-09-08 20:15:40 [INFO] __main__: 自律タスクを実行しました（task_id=fb9f2fb2-4028-4876-9ac5-4735405b16ae, operation=system_info, operation_id=2abdd36e-b614-417e-8e77-12e3e5c1a288）。
2026-09-08 20:15:40 [INFO] __main__: 自律タスクを実行しました（task_id=93fa777f-4a34-4af6-9465-0354fdc574f2, operation=system_info, operation_id=04d27bd9-58eb-486b-8fd7-a2402ece365d）。
2026-09-08 20:16:40 [INFO] __main__: 生存確認（heartbeat #62）。期限到来タスク: 2件
2026-09-08 20:16:40 [INFO] __main__: 自律タスクを実行しました（task_id=fb9f2fb2-4028-4876-9ac5-4735405b16ae, operation=system_info, operation_id=b28d584b-c650-4a67-940f-4c39c7046a00）。
2026-09-08 20:16:41 [INFO] __main__: 自律タスクを実行しました（task_id=93fa777f-4a34-4af6-9465-0354fdc574f2, operation=system_info, operation_id=2212fff7-b02b-488d-a1a7-0e150c8f5a5c）。
2026-09-08 20:17:41 [INFO] __main__: 生存確認（heartbeat #63）。期限到来タスク: 2件
2026-09-08 20:17:41 [INFO] __main__: 自律タスクを実行しました（task_id=fb9f2fb2-4028-4876-9ac5-4735405b16ae, operation=system_info, operation_id=1c802a66-0508-4a05-bec8-607c8ff40003）。
2026-09-08 20:17:41 [INFO] __main__: 自律タスクを実行しました（task_id=93fa777f-4a34-4af6-9465-0354fdc574f2, operation=system_info, operation_id=ec123f68-35c3-46f5-81c9-80e45d30af5b）。
2026-09-08 20:18:41 [INFO] __main__: 生存確認（heartbeat #64）。期限到来タスク: 2件
2026-09-08 20:18:41 [INFO] __main__: 自律タスクを実行しました（task_id=fb9f2fb2-4028-4876-9ac5-4735405b16ae, operation=system_info, operation_id=b6929c09-f5e1-4e9f-938b-37d57d59d67b）。
2026-09-08 20:18:41 [INFO] __main__: 自律タスクを実行しました（task_id=93fa777f-4a34-4af6-9465-0354fdc574f2, operation=system_info, operation_id=6778f134-29ca-4cd6-b334-a079b563b442）。
2026-09-08 20:19:41 [INFO] __main__: 生存確認（heartbeat #65）。期限到来タスク: 2件
2026-09-08 20:19:41 [INFO] __main__: 自律タスクを実行しました（task_id=fb9f2fb2-4028-4876-9ac5-4735405b16ae, operation=system_info, operation_id=bc181348-922f-44d4-ba40-8a6f8ff33f34）。
2026-09-08 20:19:41 [INFO] __main__: 自律タスクを実行しました（task_id=93fa777f-4a34-4af6-9465-0354fdc574f2, operation=system_info, operation_id=2ae28df2-ca8a-4ad1-8f20-c44e67109c56）。
2026-09-08 20:20:41 [INFO] __main__: 生存確認（heartbeat #66）。期限到来タスク: 2件
2026-09-08 20:20:41 [INFO] __main__: 自律タスクを実行しました（task_id=fb9f2fb2-4028-4876-9ac5-4735405b16ae, operation=system_info, operation_id=7e531eab-d5fe-44d7-814d-216c89f053ff）。
2026-09-08 20:20:42 [INFO] __main__: 自律タスクを実行しました（task_id=93fa777f-4a34-4af6-9465-0354fdc574f2, operation=system_info, operation_id=cbd4de04-0b3b-48ce-b72e-f698dc75148e）。
2026-09-08 20:21:42 [INFO] __main__: 生存確認（heartbeat #67）。期限到来タスク: 2件
2026-09-08 20:21:42 [INFO] __main__: 自律タスクを実行しました（task_id=fb9f2fb2-4028-4876-9ac5-4735405b16ae, operation=system_info, operation_id=0a0f8bbb-360a-4591-9392-90ecf3fd3fae）。
2026-09-08 20:21:42 [INFO] __main__: 自律タスクを実行しました（task_id=93fa777f-4a34-4af6-9465-0354fdc574f2, operation=system_info, operation_id=ae8eb624-2058-4a2a-8cd7-dbcaa117560f）。
2026-09-08 20:22:42 [INFO] __main__: 生存確認（heartbeat #68）。期限到来タスク: 2件
2026-09-08 20:22:42 [INFO] __main__: 自律タスクを実行しました（task_id=fb9f2fb2-4028-4876-9ac5-4735405b16ae, operation=system_info, operation_id=e8efa328-ff47-4f7e-bf65-43a3b5f7f666）。
2026-09-08 20:22:42 [INFO] __main__: 自律タスクを実行しました（task_id=93fa777f-4a34-4af6-9465-0354fdc574f2, operation=system_info, operation_id=0e170399-98e6-46ca-90ed-52fc0bd43530）。
2026-09-08 20:23:42 [INFO] __main__: 生存確認（heartbeat #69）。期限到来タスク: 2件
2026-09-08 20:23:42 [INFO] __main__: 自律タスクを実行しました（task_id=fb9f2fb2-4028-4876-9ac5-4735405b16ae, operation=system_info, operation_id=45cf3d8f-feee-42fd-be2e-74f3ad97c383）。
2026-09-08 20:23:42 [INFO] __main__: 自律タスクを実行しました（task_id=93fa777f-4a34-4af6-9465-0354fdc574f2, operation=system_info, operation_id=82a22a8e-1fae-4502-9298-173696c48f84）。
2026-09-08 20:24:42 [INFO] __main__: 生存確認（heartbeat #70）。期限到来タスク: 2件
2026-09-08 20:24:43 [INFO] __main__: 自律タスクを実行しました（task_id=fb9f2fb2-4028-4876-9ac5-4735405b16ae, operation=system_info, operation_id=5ba6d918-0b07-4f92-82ad-18b207ed1274）。
2026-09-08 20:24:43 [INFO] __main__: 自律タスクを実行しました（task_id=93fa777f-4a34-4af6-9465-0354fdc574f2, operation=system_info, operation_id=d2578119-2e61-45a4-a961-204051e97937）。
2026-09-08 20:25:43 [INFO] __main__: 生存確認（heartbeat #71）。期限到来タスク: 2件
2026-09-08 20:25:43 [INFO] __main__: 自律タスクを実行しました（task_id=fb9f2fb2-4028-4876-9ac5-4735405b16ae, operation=system_info, operation_id=72e3f492-d9b7-42fe-88a2-cf8bbf5a738c）。
2026-09-08 20:25:43 [INFO] __main__: 自律タスクを実行しました（task_id=93fa777f-4a34-4af6-9465-0354fdc574f2, operation=system_info, operation_id=bda56a30-ecb5-4396-ac56-dd5b9a240447）。
2026-09-08 21:10:26 [INFO] __main__: 生存確認（heartbeat #72）。期限到来タスク: 2件
2026-09-08 21:10:26 [INFO] __main__: 自律タスクを実行しました（task_id=fb9f2fb2-4028-4876-9ac5-4735405b16ae, operation=system_info, operation_id=0d9ce7ec-1e22-4aa6-be0e-60e348c5f713）。
2026-09-08 21:10:26 [INFO] __main__: 自律タスクを実行しました（task_id=93fa777f-4a34-4af6-9465-0354fdc574f2, operation=system_info, operation_id=8d6c4fb9-5787-498c-870c-9fb5a8bf9471）。
2026-09-09 14:03:05 [INFO] __main__: 生存確認（heartbeat #73）。期限到来タスク: 2件
2026-09-09 14:03:05 [INFO] __main__: 自律タスクを実行しました（task_id=fb9f2fb2-4028-4876-9ac5-4735405b16ae, operation=system_info, operation_id=9acf00cb-72e9-454b-940f-fe4fac0e80f5）。
2026-09-09 14:03:05 [INFO] __main__: 自律タスクを実行しました（task_id=93fa777f-4a34-4af6-9465-0354fdc574f2, operation=system_info, operation_id=e601774c-2e7e-4b98-80d0-5f39107d9a8c）。
2026-09-09 14:04:05 [INFO] __main__: 生存確認（heartbeat #74）。期限到来タスク: 2件
2026-09-09 14:04:05 [INFO] __main__: 自律タスクを実行しました（task_id=fb9f2fb2-4028-4876-9ac5-4735405b16ae, operation=system_info, operation_id=0d50b016-7640-4409-8025-7329eb8abe6f）。
2026-09-09 14:04:05 [INFO] __main__: 自律タスクを実行しました（task_id=93fa777f-4a34-4af6-9465-0354fdc574f2, operation=system_info, operation_id=5cf63d22-2983-4ec3-a36a-bf97e8653337）。
2026-09-09 14:05:05 [INFO] __main__: 生存確認（heartbeat #75）。期限到来タスク: 2件
2026-09-09 14:05:05 [INFO] __main__: 自律タスクを実行しました（task_id=fb9f2fb2-4028-4876-9ac5-4735405b16ae, operation=system_info, operation_id=706a92d0-e88c-4dd8-9d0d-ebcd4bfe930c）。
2026-09-09 14:05:06 [INFO] __main__: 自律タスクを実行しました（task_id=93fa777f-4a34-4af6-9465-0354fdc574f2, operation=system_info, operation_id=0c69f325-1401-4bcc-9608-a0b8c4b7dc91）。
2026-09-09 14:06:06 [INFO] __main__: 生存確認（heartbeat #76）。期限到来タスク: 2件
2026-09-09 14:06:06 [INFO] __main__: 自律タスクを実行しました（task_id=fb9f2fb2-4028-4876-9ac5-4735405b16ae, operation=system_info, operation_id=5cdbae99-8961-4fc8-93b1-2540afd594fa）。
2026-09-09 14:06:06 [INFO] __main__: 自律タスクを実行しました（task_id=93fa777f-4a34-4af6-9465-0354fdc574f2, operation=system_info, operation_id=35fdfb38-f294-4d44-986e-b06cc7503761）。
2026-09-09 14:07:06 [INFO] __main__: 生存確認（heartbeat #77）。期限到来タスク: 2件
2026-09-09 14:07:06 [INFO] __main__: 自律タスクを実行しました（task_id=fb9f2fb2-4028-4876-9ac5-4735405b16ae, operation=system_info, operation_id=887103e5-9c68-4639-bc80-ddcbccf15e6e）。
2026-09-09 14:07:06 [INFO] __main__: 自律タスクを実行しました（task_id=93fa777f-4a34-4af6-9465-0354fdc574f2, operation=system_info, operation_id=77ad64d7-69f7-4722-b952-0be788a0cb3b）。
2026-09-09 14:08:07 [INFO] __main__: 生存確認（heartbeat #78）。期限到来タスク: 2件
2026-09-09 14:08:07 [INFO] __main__: 自律タスクを実行しました（task_id=fb9f2fb2-4028-4876-9ac5-4735405b16ae, operation=system_info, operation_id=93ace6e6-c456-4305-8aa2-4c3af3bb0df7）。
2026-09-09 14:08:07 [INFO] __main__: 自律タスクを実行しました（task_id=93fa777f-4a34-4af6-9465-0354fdc574f2, operation=system_info, operation_id=161fe27c-c0cb-439b-86ea-366f4d7e3531）。
2026-09-09 14:09:07 [INFO] __main__: 生存確認（heartbeat #79）。期限到来タスク: 2件
2026-09-09 14:09:07 [INFO] __main__: 自律タスクを実行しました（task_id=fb9f2fb2-4028-4876-9ac5-4735405b16ae, operation=system_info, operation_id=80920ada-239a-4b7a-b56d-9c1e854703d4）。
2026-09-09 14:09:07 [INFO] __main__: 自律タスクを実行しました（task_id=93fa777f-4a34-4af6-9465-0354fdc574f2, operation=system_info, operation_id=cb0f7218-341c-47a2-957d-552daeb4ba02）。
2026-09-09 14:10:07 [INFO] __main__: 生存確認（heartbeat #80）。期限到来タスク: 2件
2026-09-09 14:10:07 [INFO] __main__: 自律タスクを実行しました（task_id=fb9f2fb2-4028-4876-9ac5-4735405b16ae, operation=system_info, operation_id=244db253-04c1-461a-aec1-c254a00c796d）。
2026-09-09 14:10:07 [INFO] __main__: 自律タスクを実行しました（task_id=93fa777f-4a34-4af6-9465-0354fdc574f2, operation=system_info, operation_id=a77e5d32-504e-4945-aadd-f7b3a3331cff）。
2026-09-09 14:11:07 [INFO] __main__: 生存確認（heartbeat #81）。期限到来タスク: 2件
2026-09-09 14:11:07 [INFO] __main__: 自律タスクを実行しました（task_id=fb9f2fb2-4028-4876-9ac5-4735405b16ae, operation=system_info, operation_id=7af067dd-781b-4004-b572-8fb5d06e2044）。
2026-09-09 14:11:07 [INFO] __main__: 自律タスクを実行しました（task_id=93fa777f-4a34-4af6-9465-0354fdc574f2, operation=system_info, operation_id=d5795272-5a3a-41aa-b93c-1bdeddfa7731）。
2026-09-09 14:12:08 [INFO] __main__: 生存確認（heartbeat #82）。期限到来タスク: 2件
2026-09-09 14:12:08 [INFO] __main__: 自律タスクを実行しました（task_id=fb9f2fb2-4028-4876-9ac5-4735405b16ae, operation=system_info, operation_id=4837d944-877c-4431-ac36-f89116b091b5）。
2026-09-09 14:12:08 [INFO] __main__: 自律タスクを実行しました（task_id=93fa777f-4a34-4af6-9465-0354fdc574f2, operation=system_info, operation_id=850fc42b-dc01-4101-be81-8ed8c0554113）。
2026-09-09 14:13:08 [INFO] __main__: 生存確認（heartbeat #83）。期限到来タスク: 2件
2026-09-09 14:13:08 [INFO] __main__: 自律タスクを実行しました（task_id=fb9f2fb2-4028-4876-9ac5-4735405b16ae, operation=system_info, operation_id=b7c55642-c174-4e23-aa92-5c4c72010333）。
2026-09-09 14:13:08 [INFO] __main__: 自律タスクを実行しました（task_id=93fa777f-4a34-4af6-9465-0354fdc574f2, operation=system_info, operation_id=71a55298-8402-44ed-a07a-93d416e96217）。
2026-09-09 14:14:08 [INFO] __main__: 生存確認（heartbeat #84）。期限到来タスク: 2件
2026-09-09 14:14:08 [INFO] __main__: 自律タスクを実行しました（task_id=fb9f2fb2-4028-4876-9ac5-4735405b16ae, operation=system_info, operation_id=a244f6b6-4a5f-47a6-9e2f-74f6a18f3578）。
2026-09-09 14:14:08 [INFO] __main__: 自律タスクを実行しました（task_id=93fa777f-4a34-4af6-9465-0354fdc574f2, operation=system_info, operation_id=1f0eec6c-2107-4717-818e-0dff1a3db795）。
2026-09-09 14:15:08 [INFO] __main__: 生存確認（heartbeat #85）。期限到来タスク: 2件
2026-09-09 14:15:08 [INFO] __main__: 自律タスクを実行しました（task_id=fb9f2fb2-4028-4876-9ac5-4735405b16ae, operation=system_info, operation_id=46506ee1-d35c-4298-9657-c39f2fa40e40）。
2026-09-09 14:15:08 [INFO] __main__: 自律タスクを実行しました（task_id=93fa777f-4a34-4af6-9465-0354fdc574f2, operation=system_info, operation_id=851289e3-3757-4712-a525-e6e8e2c7b1ee）。
2026-09-09 14:16:09 [INFO] __main__: 生存確認（heartbeat #86）。期限到来タスク: 2件
2026-09-09 14:16:09 [INFO] __main__: 自律タスクを実行しました（task_id=fb9f2fb2-4028-4876-9ac5-4735405b16ae, operation=system_info, operation_id=44d19dd3-9dc3-4598-829e-679dc058ad02）。
2026-09-09 14:16:09 [INFO] __main__: 自律タスクを実行しました（task_id=93fa777f-4a34-4af6-9465-0354fdc574f2, operation=system_info, operation_id=ed04c17b-c7bf-4b71-9327-2922ca601824）。
2026-09-09 14:17:09 [INFO] __main__: 生存確認（heartbeat #87）。期限到来タスク: 2件
2026-09-09 14:17:09 [INFO] __main__: 自律タスクを実行しました（task_id=fb9f2fb2-4028-4876-9ac5-4735405b16ae, operation=system_info, operation_id=76030c47-3776-4a50-95a6-09c135d5790a）。
2026-09-09 14:17:09 [INFO] __main__: 自律タスクを実行しました（task_id=93fa777f-4a34-4af6-9465-0354fdc574f2, operation=system_info, operation_id=515f9921-c155-4607-859f-00d594fef651）。
2026-09-09 14:18:09 [INFO] __main__: 生存確認（heartbeat #88）。期限到来タスク: 2件
2026-09-09 14:18:09 [INFO] __main__: 自律タスクを実行しました（task_id=fb9f2fb2-4028-4876-9ac5-4735405b16ae, operation=system_info, operation_id=1f2f3351-e03f-45c5-ae5b-a74fd9acf8c0）。
2026-09-09 14:18:09 [INFO] __main__: 自律タスクを実行しました（task_id=93fa777f-4a34-4af6-9465-0354fdc574f2, operation=system_info, operation_id=5daa5321-2268-4932-b439-2844f9f5c5d9）。
2026-09-09 14:19:09 [INFO] __main__: 生存確認（heartbeat #89）。期限到来タスク: 2件
2026-09-09 14:19:09 [INFO] __main__: 自律タスクを実行しました（task_id=fb9f2fb2-4028-4876-9ac5-4735405b16ae, operation=system_info, operation_id=6319552e-e88b-4844-b69f-cfd60b2a8893）。
2026-09-09 14:19:09 [INFO] __main__: 自律タスクを実行しました（task_id=93fa777f-4a34-4af6-9465-0354fdc574f2, operation=system_info, operation_id=4320a9aa-4f62-47b3-93e8-5cece77ad11d）。
2026-09-09 14:20:09 [INFO] __main__: 生存確認（heartbeat #90）。期限到来タスク: 2件
2026-09-09 14:20:09 [INFO] __main__: 自律タスクを実行しました（task_id=fb9f2fb2-4028-4876-9ac5-4735405b16ae, operation=system_info, operation_id=091fb4f8-235f-46d9-b4cb-922307e2aab5）。
2026-09-09 14:20:10 [INFO] __main__: 自律タスクを実行しました（task_id=93fa777f-4a34-4af6-9465-0354fdc574f2, operation=system_info, operation_id=b4df8719-fbaf-4cbf-8854-c78d3fb35a9b）。
2026-09-09 14:21:10 [INFO] __main__: 生存確認（heartbeat #91）。期限到来タスク: 2件
2026-09-09 14:21:10 [INFO] __main__: 自律タスクを実行しました（task_id=fb9f2fb2-4028-4876-9ac5-4735405b16ae, operation=system_info, operation_id=8b97fe54-ce42-40d3-880e-6b7be53ac089）。
2026-09-09 14:21:10 [INFO] __main__: 自律タスクを実行しました（task_id=93fa777f-4a34-4af6-9465-0354fdc574f2, operation=system_info, operation_id=8359d5b5-2927-448a-b6b0-579ec6e7271f）。
2026-09-09 14:22:10 [INFO] __main__: 生存確認（heartbeat #92）。期限到来タスク: 2件
2026-09-09 14:22:10 [INFO] __main__: 自律タスクを実行しました（task_id=fb9f2fb2-4028-4876-9ac5-4735405b16ae, operation=system_info, operation_id=036cd4be-1215-4424-bcf1-9cb60ed0c111）。
2026-09-09 14:22:10 [INFO] __main__: 自律タスクを実行しました（task_id=93fa777f-4a34-4af6-9465-0354fdc574f2, operation=system_info, operation_id=2ecd511a-19b0-4688-aa35-6b02cee3eb31）。
2026-09-09 14:23:10 [INFO] __main__: 生存確認（heartbeat #93）。期限到来タスク: 2件
2026-09-09 14:23:10 [INFO] __main__: 自律タスクを実行しました（task_id=fb9f2fb2-4028-4876-9ac5-4735405b16ae, operation=system_info, operation_id=bbc3a556-0f6b-48bd-9fca-45fce815d125）。
2026-09-09 14:23:11 [INFO] __main__: 自律タスクを実行しました（task_id=93fa777f-4a34-4af6-9465-0354fdc574f2, operation=system_info, operation_id=30f80a6a-08a0-48ad-a65e-fe90275b8e8a）。
2026-09-09 14:24:11 [INFO] __main__: 生存確認（heartbeat #94）。期限到来タスク: 2件
2026-09-09 14:24:11 [INFO] __main__: 自律タスクを実行しました（task_id=fb9f2fb2-4028-4876-9ac5-4735405b16ae, operation=system_info, operation_id=c597a775-4114-49b8-b9e9-f42fdb5dd644）。
2026-09-09 14:24:11 [INFO] __main__: 自律タスクを実行しました（task_id=93fa777f-4a34-4af6-9465-0354fdc574f2, operation=system_info, operation_id=d6d23ff5-49c2-44fd-80c6-47707cf2ade4）。
2026-09-09 14:25:11 [INFO] __main__: 生存確認（heartbeat #95）。期限到来タスク: 2件
2026-09-09 14:25:11 [INFO] __main__: 自律タスクを実行しました（task_id=fb9f2fb2-4028-4876-9ac5-4735405b16ae, operation=system_info, operation_id=14282f3c-49b4-4ab4-91d8-55779c02cda1）。
2026-09-09 14:25:11 [INFO] __main__: 自律タスクを実行しました（task_id=93fa777f-4a34-4af6-9465-0354fdc574f2, operation=system_info, operation_id=4d58a5ff-7c84-4158-adcb-fd2e474978ec）。
2026-09-09 14:26:11 [INFO] __main__: 生存確認（heartbeat #96）。期限到来タスク: 2件
2026-09-09 14:26:11 [INFO] __main__: 自律タスクを実行しました（task_id=fb9f2fb2-4028-4876-9ac5-4735405b16ae, operation=system_info, operation_id=7aa302e8-5e85-47eb-856c-6ff072b5fea6）。
2026-09-09 14:26:12 [INFO] __main__: 自律タスクを実行しました（task_id=93fa777f-4a34-4af6-9465-0354fdc574f2, operation=system_info, operation_id=bc1d0703-5b4a-4eb6-b269-c63f3001828d）。
2026-09-09 14:27:12 [INFO] __main__: 生存確認（heartbeat #97）。期限到来タスク: 2件
2026-09-09 14:27:12 [INFO] __main__: 自律タスクを実行しました（task_id=fb9f2fb2-4028-4876-9ac5-4735405b16ae, operation=system_info, operation_id=46a2a65b-3cbf-4075-a876-6e42e5b231ad）。
2026-09-09 14:27:12 [INFO] __main__: 自律タスクを実行しました（task_id=93fa777f-4a34-4af6-9465-0354fdc574f2, operation=system_info, operation_id=0646550a-b011-4629-9916-07a02ae7d968）。
2026-09-09 14:28:12 [INFO] __main__: 生存確認（heartbeat #98）。期限到来タスク: 2件
2026-09-09 14:28:12 [INFO] __main__: 自律タスクを実行しました（task_id=fb9f2fb2-4028-4876-9ac5-4735405b16ae, operation=system_info, operation_id=72bc2e37-3b85-4c2c-b351-c5411c4b019b）。
2026-09-09 14:28:12 [INFO] __main__: 自律タスクを実行しました（task_id=93fa777f-4a34-4af6-9465-0354fdc574f2, operation=system_info, operation_id=4ddb5cd7-f200-4fd7-aaa9-1af82b23dcdf）。
2026-09-09 14:29:12 [INFO] __main__: 生存確認（heartbeat #99）。期限到来タスク: 2件
2026-09-09 14:29:12 [INFO] __main__: 自律タスクを実行しました（task_id=fb9f2fb2-4028-4876-9ac5-4735405b16ae, operation=system_info, operation_id=386f8ccd-bbb4-4b4d-97b6-6189974da6b9）。
2026-09-09 14:29:13 [INFO] __main__: 自律タスクを実行しました（task_id=93fa777f-4a34-4af6-9465-0354fdc574f2, operation=system_info, operation_id=42de99db-8f66-41e2-8e5a-7c1085d7c26d）。
2026-09-09 14:30:13 [INFO] __main__: 生存確認（heartbeat #100）。期限到来タスク: 2件
2026-09-09 14:30:13 [INFO] __main__: 自律タスクを実行しました（task_id=fb9f2fb2-4028-4876-9ac5-4735405b16ae, operation=system_info, operation_id=9402d887-7d55-4b37-875d-54571bd19ac2）。
2026-09-09 14:30:13 [INFO] __main__: 自律タスクを実行しました（task_id=93fa777f-4a34-4af6-9465-0354fdc574f2, operation=system_info, operation_id=019338fd-2feb-4286-b9da-6243aecc3638）。
2026-09-09 14:31:13 [INFO] __main__: 生存確認（heartbeat #101）。期限到来タスク: 2件
2026-09-09 14:31:13 [INFO] __main__: 自律タスクを実行しました（task_id=fb9f2fb2-4028-4876-9ac5-4735405b16ae, operation=system_info, operation_id=8cfa6ff4-a5b4-4e4f-b228-bf9473d6e75e）。
2026-09-09 14:31:13 [INFO] __main__: 自律タスクを実行しました（task_id=93fa777f-4a34-4af6-9465-0354fdc574f2, operation=system_info, operation_id=ad8c6430-04af-4b12-9d83-d4c54f93ece7）。
2026-09-09 14:32:13 [INFO] __main__: 生存確認（heartbeat #102）。期限到来タスク: 2件
2026-09-09 14:32:13 [INFO] __main__: 自律タスクを実行しました（task_id=fb9f2fb2-4028-4876-9ac5-4735405b16ae, operation=system_info, operation_id=41a5e33f-6ee9-4421-ab24-c2813143c011）。
2026-09-09 14:32:14 [INFO] __main__: 自律タスクを実行しました（task_id=93fa777f-4a34-4af6-9465-0354fdc574f2, operation=system_info, operation_id=c047bfb6-3e62-40ae-adb1-bef83ccbd2ed）。
2026-09-09 14:33:14 [INFO] __main__: 生存確認（heartbeat #103）。期限到来タスク: 2件
2026-09-09 14:33:14 [INFO] __main__: 自律タスクを実行しました（task_id=fb9f2fb2-4028-4876-9ac5-4735405b16ae, operation=system_info, operation_id=4b64188c-7b43-4f8a-b5d7-5e5924f835d5）。
2026-09-09 14:33:14 [INFO] __main__: 自律タスクを実行しました（task_id=93fa777f-4a34-4af6-9465-0354fdc574f2, operation=system_info, operation_id=9b48339d-d6fe-4fdb-9499-6907173102c6）。
2026-09-09 14:34:14 [INFO] __main__: 生存確認（heartbeat #104）。期限到来タスク: 2件
2026-09-09 14:34:14 [INFO] __main__: 自律タスクを実行しました（task_id=fb9f2fb2-4028-4876-9ac5-4735405b16ae, operation=system_info, operation_id=9415c075-78ab-4956-888e-9a263b7279ba）。
2026-09-09 14:34:14 [INFO] __main__: 自律タスクを実行しました（task_id=93fa777f-4a34-4af6-9465-0354fdc574f2, operation=system_info, operation_id=fa06d01d-03a8-4832-add4-f9e1f5ab28c2）。
2026-09-09 14:35:14 [INFO] __main__: 生存確認（heartbeat #105）。期限到来タスク: 2件
2026-09-09 14:35:14 [INFO] __main__: 自律タスクを実行しました（task_id=fb9f2fb2-4028-4876-9ac5-4735405b16ae, operation=system_info, operation_id=4b9d44b8-043e-4085-ad03-577d984adaad）。
2026-09-09 14:35:14 [INFO] __main__: 自律タスクを実行しました（task_id=93fa777f-4a34-4af6-9465-0354fdc574f2, operation=system_info, operation_id=36581fe1-10a1-4147-b00d-8352cc3090aa）。
2026-09-09 14:36:15 [INFO] __main__: 生存確認（heartbeat #106）。期限到来タスク: 2件
2026-09-09 14:36:15 [INFO] __main__: 自律タスクを実行しました（task_id=fb9f2fb2-4028-4876-9ac5-4735405b16ae, operation=system_info, operation_id=a9a7b884-0791-41c1-bcd3-b9b6449f3665）。
2026-09-09 14:36:15 [INFO] __main__: 自律タスクを実行しました（task_id=93fa777f-4a34-4af6-9465-0354fdc574f2, operation=system_info, operation_id=22b05776-4e37-4495-a5ba-c497800ae62b）。
2026-09-09 14:36:46 [INFO] __main__: ============================================================
2026-09-09 14:36:46 [INFO] __main__: Jarvis Core を起動します（PID: 14148）
2026-09-09 14:36:46 [INFO] __main__: ============================================================
2026-09-09 14:36:47 [ERROR] __main__: Jarvis Coreは既にPID 35372 で起動中です。二重起動を中止します。
2026-09-09 14:37:31 [INFO] __main__: 生存確認（heartbeat #107）。期限到来タスク: 2件
2026-09-09 14:37:31 [INFO] __main__: 自律タスクを実行しました（task_id=fb9f2fb2-4028-4876-9ac5-4735405b16ae, operation=system_info, operation_id=09c7f0e2-7d0c-466c-9ef9-56149d75e1af）。
2026-09-09 14:37:31 [INFO] __main__: 自律タスクを実行しました（task_id=93fa777f-4a34-4af6-9465-0354fdc574f2, operation=system_info, operation_id=b910e58f-6550-4dc4-b821-99460fe34451）。
2026-09-09 14:38:31 [INFO] __main__: 生存確認（heartbeat #108）。期限到来タスク: 2件
2026-09-09 14:38:31 [INFO] __main__: 自律タスクを実行しました（task_id=fb9f2fb2-4028-4876-9ac5-4735405b16ae, operation=system_info, operation_id=9b723435-132e-45f9-8dff-f0a586cdec5a）。
2026-09-09 14:38:31 [INFO] __main__: 自律タスクを実行しました（task_id=93fa777f-4a34-4af6-9465-0354fdc574f2, operation=system_info, operation_id=1e82c946-f65a-494c-b27c-1dce12191a60）。
2026-09-09 14:39:31 [INFO] __main__: 生存確認（heartbeat #109）。期限到来タスク: 2件
2026-09-09 14:39:31 [INFO] __main__: 自律タスクを実行しました（task_id=fb9f2fb2-4028-4876-9ac5-4735405b16ae, operation=system_info, operation_id=439b0d64-dc74-4fb9-826b-8e12bce54456）。
2026-09-09 14:39:31 [INFO] __main__: 自律タスクを実行しました（task_id=93fa777f-4a34-4af6-9465-0354fdc574f2, operation=system_info, operation_id=ddd36db6-0ea8-476b-ae1e-baebdd03885f）。
2026-09-09 14:40:31 [INFO] __main__: 生存確認（heartbeat #110）。期限到来タスク: 2件
2026-09-09 14:40:31 [INFO] __main__: 自律タスクを実行しました（task_id=fb9f2fb2-4028-4876-9ac5-4735405b16ae, operation=system_info, operation_id=d6a20ffd-58dd-4a3e-8464-2b77f926f40a）。
2026-09-09 14:40:31 [INFO] __main__: 自律タスクを実行しました（task_id=93fa777f-4a34-4af6-9465-0354fdc574f2, operation=system_info, operation_id=a1efc9be-65f0-4fff-9a29-0a9b4eabe74d）。
2026-09-09 14:41:32 [INFO] __main__: 生存確認（heartbeat #111）。期限到来タスク: 2件
2026-09-09 14:41:32 [INFO] __main__: 自律タスクを実行しました（task_id=fb9f2fb2-4028-4876-9ac5-4735405b16ae, operation=system_info, operation_id=927166cd-48b1-4691-b180-b08710a2305c）。
2026-09-09 14:41:32 [INFO] __main__: 自律タスクを実行しました（task_id=93fa777f-4a34-4af6-9465-0354fdc574f2, operation=system_info, operation_id=2e8bbabc-e9a1-4412-82f7-9d7e0c186497）。
2026-09-09 14:42:32 [INFO] __main__: 生存確認（heartbeat #112）。期限到来タスク: 2件
2026-09-09 14:42:32 [INFO] __main__: 自律タスクを実行しました（task_id=fb9f2fb2-4028-4876-9ac5-4735405b16ae, operation=system_info, operation_id=3c9cea92-5a23-4b39-87bd-cd9c361c1705）。
2026-09-09 14:42:32 [INFO] __main__: 自律タスクを実行しました（task_id=93fa777f-4a34-4af6-9465-0354fdc574f2, operation=system_info, operation_id=e2dc7add-9d36-49ee-91e7-84811881f23c）。
2026-09-09 14:43:32 [INFO] __main__: 生存確認（heartbeat #113）。期限到来タスク: 2件
2026-09-09 14:43:32 [INFO] __main__: 自律タスクを実行しました（task_id=fb9f2fb2-4028-4876-9ac5-4735405b16ae, operation=system_info, operation_id=ae41b3aa-5382-4cbf-83d5-d74186b18002）。
2026-09-09 14:43:32 [INFO] __main__: 自律タスクを実行しました（task_id=93fa777f-4a34-4af6-9465-0354fdc574f2, operation=system_info, operation_id=319c5c85-57a2-40d0-845b-6db229c5dc58）。
2026-09-09 14:44:32 [INFO] __main__: 生存確認（heartbeat #114）。期限到来タスク: 2件
2026-09-09 14:44:32 [INFO] __main__: 自律タスクを実行しました（task_id=fb9f2fb2-4028-4876-9ac5-4735405b16ae, operation=system_info, operation_id=7b16459d-8b58-407f-b508-b2524675b84d）。
2026-09-09 14:44:32 [INFO] __main__: 自律タスクを実行しました（task_id=93fa777f-4a34-4af6-9465-0354fdc574f2, operation=system_info, operation_id=9b8a807a-e44f-4e78-b5b8-bfb8a711db25）。
2026-09-09 14:45:32 [INFO] __main__: 生存確認（heartbeat #115）。期限到来タスク: 2件
2026-09-09 14:45:32 [INFO] __main__: 自律タスクを実行しました（task_id=fb9f2fb2-4028-4876-9ac5-4735405b16ae, operation=system_info, operation_id=e1dbdf58-ba1b-48bc-b510-86dd8a54844c）。
2026-09-09 14:45:32 [INFO] __main__: 自律タスクを実行しました（task_id=93fa777f-4a34-4af6-9465-0354fdc574f2, operation=system_info, operation_id=a0dad534-3964-4570-8a82-2a0df06a5538）。
2026-09-09 14:46:33 [INFO] __main__: 生存確認（heartbeat #116）。期限到来タスク: 2件
2026-09-09 14:46:33 [INFO] __main__: 自律タスクを実行しました（task_id=fb9f2fb2-4028-4876-9ac5-4735405b16ae, operation=system_info, operation_id=e84a4e98-1905-4507-8840-1678c99a9294）。
2026-09-09 14:46:33 [INFO] __main__: 自律タスクを実行しました（task_id=93fa777f-4a34-4af6-9465-0354fdc574f2, operation=system_info, operation_id=586f71cb-213e-4dc8-a7ce-4928fae87ff8）。
2026-09-09 14:56:38 [INFO] __main__: 生存確認（heartbeat #117）。期限到来タスク: 2件
2026-09-09 14:56:38 [INFO] __main__: 自律タスクを実行しました（task_id=fb9f2fb2-4028-4876-9ac5-4735405b16ae, operation=system_info, operation_id=578154a7-3bbe-4c18-bb6c-b18aaa88383b）。
2026-09-09 14:56:38 [INFO] __main__: 自律タスクを実行しました（task_id=93fa777f-4a34-4af6-9465-0354fdc574f2, operation=system_info, operation_id=d529a37b-c432-4c08-be88-dfaefafefc18）。
2026-09-09 14:57:40 [INFO] __main__: 生存確認（heartbeat #118）。期限到来タスク: 2件
2026-09-09 14:57:40 [INFO] __main__: 自律タスクを実行しました（task_id=fb9f2fb2-4028-4876-9ac5-4735405b16ae, operation=system_info, operation_id=ca466f1d-4808-485a-901f-6c05eac0220d）。
2026-09-09 14:57:40 [INFO] __main__: 自律タスクを実行しました（task_id=93fa777f-4a34-4af6-9465-0354fdc574f2, operation=system_info, operation_id=5608b646-c4d1-4795-b353-58792d9eedc7）。
2026-09-09 18:31:15 [INFO] __main__: 生存確認（heartbeat #119）。期限到来タスク: 2件
2026-09-09 18:31:15 [INFO] __main__: 自律タスクを実行しました（task_id=fb9f2fb2-4028-4876-9ac5-4735405b16ae, operation=system_info, operation_id=3585a275-d887-43b0-9cea-5dfab697def2）。
2026-09-09 18:31:15 [INFO] __main__: 自律タスクを実行しました（task_id=93fa777f-4a34-4af6-9465-0354fdc574f2, operation=system_info, operation_id=0ab83839-9655-4862-ba25-b320cfe9af09）。
2026-09-09 23:22:15 [INFO] __main__: 生存確認（heartbeat #120）。期限到来タスク: 2件
2026-09-09 23:22:15 [INFO] __main__: 自律タスクを実行しました（task_id=fb9f2fb2-4028-4876-9ac5-4735405b16ae, operation=system_info, operation_id=16c86e35-c408-4d8c-a45c-473c3f011d38）。
2026-09-09 23:22:15 [INFO] __main__: 自律タスクを実行しました（task_id=93fa777f-4a34-4af6-9465-0354fdc574f2, operation=system_info, operation_id=3b23fd00-ac7b-43b1-ae80-ff074bb16701）。
2026-09-09 23:23:15 [INFO] __main__: 生存確認（heartbeat #121）。期限到来タスク: 2件
2026-09-09 23:23:15 [INFO] __main__: 自律タスクを実行しました（task_id=fb9f2fb2-4028-4876-9ac5-4735405b16ae, operation=system_info, operation_id=4103aadc-af7f-4c75-af8e-80551d7edc38）。
2026-09-09 23:23:15 [INFO] __main__: 自律タスクを実行しました（task_id=93fa777f-4a34-4af6-9465-0354fdc574f2, operation=system_info, operation_id=e30ecf77-ddc6-4d99-91f6-f47a4777503e）。
2026-09-09 23:24:15 [INFO] __main__: 生存確認（heartbeat #122）。期限到来タスク: 2件
2026-09-09 23:24:15 [INFO] __main__: 自律タスクを実行しました（task_id=fb9f2fb2-4028-4876-9ac5-4735405b16ae, operation=system_info, operation_id=5d61c034-13ed-4b9a-ac99-ac9311aa796b）。
2026-09-09 23:24:15 [INFO] __main__: 自律タスクを実行しました（task_id=93fa777f-4a34-4af6-9465-0354fdc574f2, operation=system_info, operation_id=40b5a9ef-85ef-47e8-853f-7d8ed6404858）。
2026-09-09 23:25:16 [INFO] __main__: 生存確認（heartbeat #123）。期限到来タスク: 2件
2026-09-09 23:25:16 [INFO] __main__: 自律タスクを実行しました（task_id=fb9f2fb2-4028-4876-9ac5-4735405b16ae, operation=system_info, operation_id=058721ef-57d7-40b5-a190-3216a2c8b8b3）。
2026-09-09 23:25:16 [INFO] __main__: 自律タスクを実行しました（task_id=93fa777f-4a34-4af6-9465-0354fdc574f2, operation=system_info, operation_id=1de44fe1-12cd-4a8f-a184-a5a073cb9b69）。
2026-09-09 23:26:16 [INFO] __main__: 生存確認（heartbeat #124）。期限到来タスク: 2件
2026-09-09 23:26:16 [INFO] __main__: 自律タスクを実行しました（task_id=fb9f2fb2-4028-4876-9ac5-4735405b16ae, operation=system_info, operation_id=cc838643-d915-499e-9364-e77ae8d7407c）。
2026-09-09 23:26:16 [INFO] __main__: 自律タスクを実行しました（task_id=93fa777f-4a34-4af6-9465-0354fdc574f2, operation=system_info, operation_id=dd6f4c1c-1afe-444c-9ef8-02dac702b85c）。
2026-09-09 23:27:16 [INFO] __main__: 生存確認（heartbeat #125）。期限到来タスク: 2件
2026-09-09 23:27:16 [INFO] __main__: 自律タスクを実行しました（task_id=fb9f2fb2-4028-4876-9ac5-4735405b16ae, operation=system_info, operation_id=0fdb3a0b-1d4d-424d-a470-4881a1f10dc2）。
2026-09-09 23:27:16 [INFO] __main__: 自律タスクを実行しました（task_id=93fa777f-4a34-4af6-9465-0354fdc574f2, operation=system_info, operation_id=eceba797-7b9c-474e-89a2-64115f73f7bd）。
2026-09-09 23:28:17 [INFO] __main__: 生存確認（heartbeat #126）。期限到来タスク: 2件
2026-09-09 23:28:17 [INFO] __main__: 自律タスクを実行しました（task_id=fb9f2fb2-4028-4876-9ac5-4735405b16ae, operation=system_info, operation_id=1c58e42e-e086-4586-90e5-8cc7d6b09797）。
2026-09-09 23:28:17 [INFO] __main__: 自律タスクを実行しました（task_id=93fa777f-4a34-4af6-9465-0354fdc574f2, operation=system_info, operation_id=0e67dbed-918d-4e81-b40e-4db61d195b3e）。
2026-09-09 23:29:17 [INFO] __main__: 生存確認（heartbeat #127）。期限到来タスク: 2件
2026-09-09 23:29:17 [INFO] __main__: 自律タスクを実行しました（task_id=fb9f2fb2-4028-4876-9ac5-4735405b16ae, operation=system_info, operation_id=d971ea80-77a8-4d10-a71c-2ae163bfbee3）。
2026-09-09 23:29:17 [INFO] __main__: 自律タスクを実行しました（task_id=93fa777f-4a34-4af6-9465-0354fdc574f2, operation=system_info, operation_id=d3fd0bff-7f45-42d0-bb4a-b7ec63768cce）。
2026-09-09 23:30:17 [INFO] __main__: 生存確認（heartbeat #128）。期限到来タスク: 2件
2026-09-09 23:30:17 [INFO] __main__: 自律タスクを実行しました（task_id=fb9f2fb2-4028-4876-9ac5-4735405b16ae, operation=system_info, operation_id=7e8223fd-0bc0-45ce-b2bc-e621960730e4）。
2026-09-09 23:30:17 [INFO] __main__: 自律タスクを実行しました（task_id=93fa777f-4a34-4af6-9465-0354fdc574f2, operation=system_info, operation_id=a66a2215-f2dc-49bc-919f-e7e1cfe58aee）。
2026-09-09 23:31:17 [INFO] __main__: 生存確認（heartbeat #129）。期限到来タスク: 2件
2026-09-09 23:31:17 [INFO] __main__: 自律タスクを実行しました（task_id=fb9f2fb2-4028-4876-9ac5-4735405b16ae, operation=system_info, operation_id=2d67fbae-4af6-4f10-80fc-116ab994de12）。
2026-09-09 23:31:18 [INFO] __main__: 自律タスクを実行しました（task_id=93fa777f-4a34-4af6-9465-0354fdc574f2, operation=system_info, operation_id=5e5b5011-fffa-41f6-8149-c2b7bfa13a46）。
2026-09-09 23:32:18 [INFO] __main__: 生存確認（heartbeat #130）。期限到来タスク: 2件
2026-09-09 23:32:18 [INFO] __main__: 自律タスクを実行しました（task_id=fb9f2fb2-4028-4876-9ac5-4735405b16ae, operation=system_info, operation_id=f2386ac9-c7d1-4f31-9842-9547117e4d75）。
2026-09-09 23:32:18 [INFO] __main__: 自律タスクを実行しました（task_id=93fa777f-4a34-4af6-9465-0354fdc574f2, operation=system_info, operation_id=4008092e-470c-4816-918d-6d15914525b3）。
2026-09-09 23:33:18 [INFO] __main__: 生存確認（heartbeat #131）。期限到来タスク: 2件
2026-09-09 23:33:18 [INFO] __main__: 自律タスクを実行しました（task_id=fb9f2fb2-4028-4876-9ac5-4735405b16ae, operation=system_info, operation_id=fa72ce94-efd6-477a-bd04-82aefcdacbda）。
2026-09-09 23:33:18 [INFO] __main__: 自律タスクを実行しました（task_id=93fa777f-4a34-4af6-9465-0354fdc574f2, operation=system_info, operation_id=0d72713b-69f0-4e19-8718-ba294306d3c1）。
2026-09-09 23:34:18 [INFO] __main__: 生存確認（heartbeat #132）。期限到来タスク: 2件
2026-09-09 23:34:18 [INFO] __main__: 自律タスクを実行しました（task_id=fb9f2fb2-4028-4876-9ac5-4735405b16ae, operation=system_info, operation_id=f9a2ef15-d3cc-4075-ad9f-9670ab21258d）。
2026-09-09 23:34:18 [INFO] __main__: 自律タスクを実行しました（task_id=93fa777f-4a34-4af6-9465-0354fdc574f2, operation=system_info, operation_id=428f3ff9-27cd-4b7e-818b-ea0ab59e0683）。
2026-09-09 23:35:18 [INFO] __main__: 生存確認（heartbeat #133）。期限到来タスク: 2件
2026-09-09 23:35:18 [INFO] __main__: 自律タスクを実行しました（task_id=fb9f2fb2-4028-4876-9ac5-4735405b16ae, operation=system_info, operation_id=8b8b0bb2-c86e-4c49-a07a-1b5a08362e54）。
2026-09-09 23:35:18 [INFO] __main__: 自律タスクを実行しました（task_id=93fa777f-4a34-4af6-9465-0354fdc574f2, operation=system_info, operation_id=1eca0f88-cf84-4eaa-947c-947258f16b47）。
2026-09-09 23:36:19 [INFO] __main__: 生存確認（heartbeat #134）。期限到来タスク: 2件
2026-09-09 23:36:19 [INFO] __main__: 自律タスクを実行しました（task_id=fb9f2fb2-4028-4876-9ac5-4735405b16ae, operation=system_info, operation_id=54fcb80e-d6f1-441f-9b7c-91d4c4e27698）。
2026-09-09 23:36:19 [INFO] __main__: 自律タスクを実行しました（task_id=93fa777f-4a34-4af6-9465-0354fdc574f2, operation=system_info, operation_id=1ed1a6f0-c7af-454d-8e45-b684a6832ef5）。
2026-09-09 23:36:52 [WARNING] jarvis_core: 古いPIDファイルを検出しました（PID 999999 は実行されていません）。上書きします。
2026-09-09 23:36:52 [ERROR] jarvis_core: Jarvis Coreは既にPID 1234 で起動中です。二重起動を中止します。
2026-09-09 23:37:19 [INFO] __main__: 生存確認（heartbeat #135）。期限到来タスク: 2件
2026-09-09 23:37:19 [INFO] __main__: 自律タスクを実行しました（task_id=fb9f2fb2-4028-4876-9ac5-4735405b16ae, operation=system_info, operation_id=6ed08ea0-e607-442a-9d75-c67fa53e25ef）。
2026-09-09 23:37:19 [INFO] __main__: 自律タスクを実行しました（task_id=93fa777f-4a34-4af6-9465-0354fdc574f2, operation=system_info, operation_id=aa632f94-0c80-4c61-b4c2-4f5e3f1f5a92）。
2026-09-09 23:37:25 [INFO] jarvis_core: シャットダウン要求を受信しました（signal=2）。次のループで安全に終了します。
2026-09-09 23:37:25 [WARNING] jarvis_core: 古いPIDファイルを検出しました（PID 999999 は実行されていません）。上書きします。
2026-09-09 23:37:25 [ERROR] jarvis_core: Jarvis Coreは既にPID 1234 で起動中です。二重起動を中止します。
2026-09-09 23:38:19 [INFO] __main__: 生存確認（heartbeat #136）。期限到来タスク: 2件
2026-09-09 23:38:19 [INFO] __main__: 自律タスクを実行しました（task_id=fb9f2fb2-4028-4876-9ac5-4735405b16ae, operation=system_info, operation_id=dfb85db3-7383-462b-bfbb-212f743257e8）。
2026-09-09 23:38:19 [INFO] __main__: 自律タスクを実行しました（task_id=93fa777f-4a34-4af6-9465-0354fdc574f2, operation=system_info, operation_id=4acc1f84-a283-4819-8c32-0eac7fa65866）。
2026-09-09 23:39:19 [INFO] __main__: 生存確認（heartbeat #137）。期限到来タスク: 2件
2026-09-09 23:39:19 [INFO] __main__: 自律タスクを実行しました（task_id=fb9f2fb2-4028-4876-9ac5-4735405b16ae, operation=system_info, operation_id=b93ab86f-cc29-46d6-869a-4f032ad66b5d）。
2026-09-09 23:39:19 [INFO] __main__: 自律タスクを実行しました（task_id=93fa777f-4a34-4af6-9465-0354fdc574f2, operation=system_info, operation_id=40a537b9-7f13-4039-be1d-5775258b70db）。
2026-09-09 23:40:19 [INFO] __main__: 生存確認（heartbeat #138）。期限到来タスク: 2件
2026-09-09 23:40:19 [INFO] __main__: 自律タスクを実行しました（task_id=fb9f2fb2-4028-4876-9ac5-4735405b16ae, operation=system_info, operation_id=3d69ccc8-5773-425e-ae53-75585db20439）。
2026-09-09 23:40:19 [INFO] __main__: 自律タスクを実行しました（task_id=93fa777f-4a34-4af6-9465-0354fdc574f2, operation=system_info, operation_id=38ac8f57-4a7a-410e-a6d0-4f232c5f197c）。
2026-09-09 23:41:20 [INFO] __main__: 生存確認（heartbeat #139）。期限到来タスク: 2件
2026-09-09 23:41:20 [INFO] __main__: 自律タスクを実行しました（task_id=fb9f2fb2-4028-4876-9ac5-4735405b16ae, operation=system_info, operation_id=7d9b5ae8-8f7c-4c37-8755-3892ad4b7d1e）。
2026-09-09 23:41:20 [INFO] __main__: 自律タスクを実行しました（task_id=93fa777f-4a34-4af6-9465-0354fdc574f2, operation=system_info, operation_id=232b7f69-8f92-48f2-95a2-6bb145b078f1）。
2026-09-09 23:41:45 [INFO] jarvis_core: シャットダウン要求を受信しました（signal=2）。次のループで安全に終了します。
2026-09-09 23:41:45 [WARNING] jarvis_core: 古いPIDファイルを検出しました（PID 999999 は実行されていません）。上書きします。
2026-09-09 23:41:45 [ERROR] jarvis_core: Jarvis Coreは既にPID 1234 で起動中です。二重起動を中止します。
2026-09-09 23:42:20 [INFO] __main__: 生存確認（heartbeat #140）。期限到来タスク: 2件
2026-09-09 23:42:20 [INFO] __main__: 自律タスクを実行しました（task_id=fb9f2fb2-4028-4876-9ac5-4735405b16ae, operation=system_info, operation_id=377e582d-05e7-402a-94ca-c747541f9d08）。
2026-09-09 23:42:20 [INFO] __main__: 自律タスクを実行しました（task_id=93fa777f-4a34-4af6-9465-0354fdc574f2, operation=system_info, operation_id=6caa55f3-ee31-4b14-a8dd-afe1b0e2ca1c）。
2026-09-09 23:43:20 [INFO] __main__: 生存確認（heartbeat #141）。期限到来タスク: 2件
2026-09-09 23:43:20 [INFO] __main__: 自律タスクを実行しました（task_id=fb9f2fb2-4028-4876-9ac5-4735405b16ae, operation=system_info, operation_id=af8bc6f8-3708-481a-ad4a-6c0fbc6ee153）。
2026-09-09 23:43:20 [INFO] __main__: 自律タスクを実行しました（task_id=93fa777f-4a34-4af6-9465-0354fdc574f2, operation=system_info, operation_id=8af85f0c-0f62-4b78-9b49-42d177f155e3）。
2026-09-09 23:44:01 [INFO] jarvis_core: シャットダウン要求を受信しました（signal=2）。次のループで安全に終了します。
2026-09-09 23:44:01 [WARNING] jarvis_core: 古いPIDファイルを検出しました（PID 999999 は実行されていません）。上書きします。
2026-09-09 23:44:01 [ERROR] jarvis_core: Jarvis Coreは既にPID 1234 で起動中です。二重起動を中止します。
2026-09-09 23:44:03 [INFO] jarvis_core: シャットダウン要求を受信しました（signal=2）。次のループで安全に終了します。
2026-09-09 23:44:03 [WARNING] jarvis_core: 古いPIDファイルを検出しました（PID 999999 は実行されていません）。上書きします。
2026-09-09 23:44:03 [ERROR] jarvis_core: Jarvis Coreは既にPID 1234 で起動中です。二重起動を中止します。
2026-09-09 23:44:20 [INFO] __main__: 生存確認（heartbeat #142）。期限到来タスク: 2件
2026-09-09 23:44:20 [INFO] __main__: 自律タスクを実行しました（task_id=fb9f2fb2-4028-4876-9ac5-4735405b16ae, operation=system_info, operation_id=6d5731a8-0204-496f-b2f0-b8c53e9c3a5a）。
2026-09-09 23:44:20 [INFO] __main__: 自律タスクを実行しました（task_id=93fa777f-4a34-4af6-9465-0354fdc574f2, operation=system_info, operation_id=04597ff9-665d-485b-96f4-3fa050452b69）。
2026-09-09 23:45:21 [INFO] __main__: 生存確認（heartbeat #143）。期限到来タスク: 2件
2026-09-09 23:45:21 [INFO] __main__: 自律タスクを実行しました（task_id=fb9f2fb2-4028-4876-9ac5-4735405b16ae, operation=system_info, operation_id=10d9a860-e37b-43a9-9423-10d7149ad392）。
2026-09-09 23:45:21 [INFO] __main__: 自律タスクを実行しました（task_id=93fa777f-4a34-4af6-9465-0354fdc574f2, operation=system_info, operation_id=005568b2-67af-4b39-995c-a7144035a17b）。
2026-09-11 16:05:14 [INFO] __main__: 生存確認（heartbeat #144）。期限到来タスク: 2件
2026-09-11 16:05:14 [INFO] __main__: 自律タスクを実行しました（task_id=fb9f2fb2-4028-4876-9ac5-4735405b16ae, operation=system_info, operation_id=d71145a7-c68b-4b4f-b64d-3cc406920284）。
2026-09-11 16:05:14 [INFO] __main__: 自律タスクを実行しました（task_id=93fa777f-4a34-4af6-9465-0354fdc574f2, operation=system_info, operation_id=a8f65993-7bc2-4354-ae78-57dfe4fa8e9e）。
2026-09-11 16:06:14 [INFO] __main__: 生存確認（heartbeat #145）。期限到来タスク: 2件
2026-09-11 16:06:14 [INFO] __main__: 自律タスクを実行しました（task_id=fb9f2fb2-4028-4876-9ac5-4735405b16ae, operation=system_info, operation_id=71f07a2c-db17-468a-a54b-3a8c33880a79）。
2026-09-11 16:06:14 [INFO] __main__: 自律タスクを実行しました（task_id=93fa777f-4a34-4af6-9465-0354fdc574f2, operation=system_info, operation_id=ac5137b2-04df-4316-82ec-28a22cb65d24）。
2026-09-11 16:07:14 [INFO] __main__: 生存確認（heartbeat #146）。期限到来タスク: 2件
2026-09-11 16:07:14 [INFO] __main__: 自律タスクを実行しました（task_id=fb9f2fb2-4028-4876-9ac5-4735405b16ae, operation=system_info, operation_id=ff0f8b5b-dc35-4d1c-be64-e4a5bf2724b1）。
2026-09-11 16:07:14 [INFO] __main__: 自律タスクを実行しました（task_id=93fa777f-4a34-4af6-9465-0354fdc574f2, operation=system_info, operation_id=4f5c845e-687c-46aa-b912-d6f272fccf13）。
2026-09-11 16:08:15 [INFO] __main__: 生存確認（heartbeat #147）。期限到来タスク: 2件
2026-09-11 16:08:15 [INFO] __main__: 自律タスクを実行しました（task_id=fb9f2fb2-4028-4876-9ac5-4735405b16ae, operation=system_info, operation_id=a3d971c5-fb91-49b4-8bb2-80ccaef1e7e9）。
2026-09-11 16:08:15 [INFO] __main__: 自律タスクを実行しました（task_id=93fa777f-4a34-4af6-9465-0354fdc574f2, operation=system_info, operation_id=4d2c7be9-74b8-4b30-ac14-d9124cce4158）。
2026-09-11 16:09:15 [INFO] __main__: 生存確認（heartbeat #148）。期限到来タスク: 2件
2026-09-11 16:09:15 [INFO] __main__: 自律タスクを実行しました（task_id=fb9f2fb2-4028-4876-9ac5-4735405b16ae, operation=system_info, operation_id=e931d925-649e-4bae-9d87-cb5f5903e1f9）。
2026-09-11 16:09:15 [INFO] __main__: 自律タスクを実行しました（task_id=93fa777f-4a34-4af6-9465-0354fdc574f2, operation=system_info, operation_id=8107eb40-414b-482e-9e6e-f9730261e5fa）。
2026-09-11 16:10:15 [INFO] __main__: 生存確認（heartbeat #149）。期限到来タスク: 2件
2026-09-11 16:10:15 [INFO] __main__: 自律タスクを実行しました（task_id=fb9f2fb2-4028-4876-9ac5-4735405b16ae, operation=system_info, operation_id=c99d8bf9-259e-4d41-bec6-53c477cf530f）。
2026-09-11 16:10:15 [INFO] __main__: 自律タスクを実行しました（task_id=93fa777f-4a34-4af6-9465-0354fdc574f2, operation=system_info, operation_id=4482790c-046f-4de1-aabe-64316aee8fc0）。
2026-09-11 16:11:15 [INFO] __main__: 生存確認（heartbeat #150）。期限到来タスク: 2件
2026-09-11 16:11:15 [INFO] __main__: 自律タスクを実行しました（task_id=fb9f2fb2-4028-4876-9ac5-4735405b16ae, operation=system_info, operation_id=4804bb07-4afe-4752-875e-63dda6df8ad0）。
2026-09-11 16:11:15 [INFO] __main__: 自律タスクを実行しました（task_id=93fa777f-4a34-4af6-9465-0354fdc574f2, operation=system_info, operation_id=775ecb21-a28b-4472-a946-eb49a8645292）。
2026-09-11 16:12:15 [INFO] __main__: 生存確認（heartbeat #151）。期限到来タスク: 2件
2026-09-11 16:12:15 [INFO] __main__: 自律タスクを実行しました（task_id=fb9f2fb2-4028-4876-9ac5-4735405b16ae, operation=system_info, operation_id=175f55ab-13ce-4420-95e4-e5189e210144）。
2026-09-11 16:12:15 [INFO] __main__: 自律タスクを実行しました（task_id=93fa777f-4a34-4af6-9465-0354fdc574f2, operation=system_info, operation_id=9d6acb46-1bba-4609-814b-4427f0fc045a）。
